 hl

 Timestamp is 4d68a1d4 (Sat Feb 26 07:46:44 2011)

 Preferred load address is 10000000

 Start         Length     Name                   Class
 0001:00000000 000c352cH .text                   CODE
 0002:00000000 00017880H .rdata                  DATA
 0002:00017880 00004cb2H .edata                  DATA
 0003:00000000 00000004H .CRT$XCA                DATA
 0003:00000004 00000034H .CRT$XCU                DATA
 0003:00000038 00000004H .CRT$XCZ                DATA
 0003:0000003c 00000004H .CRT$XIA                DATA
 0003:00000040 0000000cH .CRT$XIC                DATA
 0003:0000004c 00000004H .CRT$XIZ                DATA
 0003:00000050 00000004H .CRT$XPA                DATA
 0003:00000054 00000004H .CRT$XPX                DATA
 0003:00000058 00000004H .CRT$XPZ                DATA
 0003:0000005c 00000004H .CRT$XTA                DATA
 0003:00000060 00000004H .CRT$XTZ                DATA
 0003:00000070 0001b754H .data                   DATA
 0003:0001b7c8 00012370H .bss                    DATA
 0004:00000000 00000014H .idata$2                DATA
 0004:00000014 00000014H .idata$3                DATA
 0004:00000028 00000130H .idata$4                DATA
 0004:00000158 00000130H .idata$5                DATA
 0004:00000288 00000548H .idata$6                DATA

  Address         Publics by Value              Rva+Base     Lib:Object

 0001:00000000       _custom1                   10001000 f   custom1.obj
 0001:00000050       ?BloodColor@CCustom1@@UAEHXZ 10001050 f i custom1.obj
 0001:00000060       ?Spawn@CCustom1@@UAEXXZ    10001060 f   custom1.obj
 0001:00000100       ?Precache@CCustom1@@UAEXXZ 10001100 f   custom1.obj
 0001:00000110       ?Classify@CCustom1@@UAEHXZ 10001110 f   custom1.obj
 0001:00000120       ?SetActivity@CCustom1@@QAEXH@Z 10001120 f   custom1.obj
 0001:00000160       ?IdleThink@CCustom1@@QAEXXZ 10001160 f   custom1.obj
 0001:000001b0       ??_H@YGXPAXIHP6EX0@Z@Z     100011b0 f i custom1.obj
 0001:000001e0       ?ObjectCaps@CBaseEntity@@UAEHXZ 100011e0 f i custom1.obj
 0001:000001f0       ?Activate@CBaseEntity@@UAEXXZ 100011f0 f i custom1.obj
 0001:00000200       ?DeathNotice@CBaseEntity@@UAEXPAUentvars_s@@@Z 10001200 f i custom1.obj
 0001:00000210       ?IsTriggered@CBaseEntity@@UAEHPAV1@@Z 10001210 f i custom1.obj
 0001:00000220       ?MySquadMonsterPointer@CBaseEntity@@UAEPAVCSquadMonster@@XZ 10001220 f i custom1.obj
 0001:00000230       ?AddPoints@CBaseEntity@@UAEXHH@Z 10001230 f i custom1.obj
 0001:00000240       ?AddPointsToTeam@CBaseEntity@@UAEXHH@Z 10001240 f i custom1.obj
 0001:00000250       ?AddPlayerItem@CBaseEntity@@UAEHPAVCBasePlayerItem@@@Z 10001250 f i custom1.obj
 0001:00000260       ?RemovePlayerItem@CBaseEntity@@UAEHPAVCBasePlayerItem@@@Z 10001260 f i custom1.obj
 0001:00000270       ?GiveAmmo@CBaseEntity@@UAEHHPADH@Z 10001270 f i custom1.obj
 0001:00000280       ?OverrideReset@CBaseEntity@@UAEXXZ 10001280 f i custom1.obj
 0001:00000290       ?SetToggleState@CBaseEntity@@UAEXH@Z 10001290 f i custom1.obj
 0001:000002a0       ?StartSneaking@CBaseEntity@@UAEXXZ 100012a0 f i custom1.obj
 0001:000002b0       ?StopSneaking@CBaseEntity@@UAEXXZ 100012b0 f i custom1.obj
 0001:000002c0       ?OnControls@CBaseEntity@@UAEHPAUentvars_s@@@Z 100012c0 f i custom1.obj
 0001:000002d0       ?IsSneaking@CBaseEntity@@UAEHXZ 100012d0 f i custom1.obj
 0001:000002e0       ?IsBSPModel@CBaseEntity@@UAEHXZ 100012e0 f i custom1.obj
 0001:00000300       ?ReflectGauss@CBaseEntity@@UAEHXZ 10001300 f i custom1.obj
 0001:00000330       ?HasTarget@CBaseEntity@@UAEHH@Z 10001330 f i custom1.obj
 0001:000003a0       ?IsPlayer@CBaseEntity@@UAEHXZ 100013a0 f i custom1.obj
 0001:000003b0       ?IsNetClient@CBaseEntity@@UAEHXZ 100013b0 f i custom1.obj
 0001:000003c0       ?TeamID@CBaseEntity@@UAEPBDXZ 100013c0 f i custom1.obj
 0001:000003d0       ?Think@CBaseEntity@@UAEXXZ 100013d0 f i custom1.obj
 0001:000003e0       ?Touch@CBaseEntity@@UAEXPAV1@@Z 100013e0 f i custom1.obj
 0001:00000400       ?Use@CBaseEntity@@UAEXPAV1@0W4USE_TYPE@@M@Z 10001400 f i custom1.obj
 0001:00000420       ?Blocked@CBaseEntity@@UAEXPAV1@@Z 10001420 f i custom1.obj
 0001:00000440       ?SUB_CallUseToggle@CBaseEntity@@QAEXXZ 10001440 f i custom1.obj
 0001:00000450       ?Respawn@CBaseEntity@@UAEPAV1@XZ 10001450 f i custom1.obj
 0001:00000460       ?UpdateOwner@CBaseEntity@@UAEXXZ 10001460 f i custom1.obj
 0001:00000470       ?Center@CBaseEntity@@UAE?AVVector@@XZ 10001470 f i custom1.obj
 0001:000004e0       ?EyePosition@CBaseEntity@@UAE?AVVector@@XZ 100014e0 f i custom1.obj
 0001:00000520       ?EarPosition@CBaseEntity@@UAE?AVVector@@XZ 10001520 f i custom1.obj
 0001:00000560       ?Illumination@CBaseEntity@@UAEHXZ 10001560 f i custom1.obj
 0001:00000580       ?GetToggleState@CBaseToggle@@UAEHXZ 10001580 f i custom1.obj
 0001:00000590       ?GetDelay@CBaseToggle@@UAEMXZ 10001590 f i custom1.obj
 0001:000005a0       ?MyMonsterPointer@CBaseMonster@@UAEPAV1@XZ 100015a0 f i custom1.obj
 0001:000005b0       ?IsAlive@CBaseMonster@@UAEHXZ 100015b0 f i custom1.obj
 0001:000005d0       ?CallMonsterThink@CBaseMonster@@QAEXXZ 100015d0 f i custom1.obj
 0001:000005e0       ?GetStoppedActivity@CBaseMonster@@UAE?AW4Activity@@XZ 100015e0 f i custom1.obj
 0001:000005f0       ?Stop@CBaseMonster@@UAEXXZ 100015f0 f i custom1.obj
 0001:00000610       ?ScheduleChange@CBaseMonster@@UAEXXZ 10001610 f i custom1.obj
 0001:00000620       ?CanPlaySentence@CBaseMonster@@UAEHH@Z 10001620 f i custom1.obj
 0001:00000630       ?SetYawSpeed@CBaseMonster@@UAEXXZ 10001630 f i custom1.obj
 0001:00000640       ?FValidateCover@CBaseMonster@@UAEHABVVector@@@Z 10001640 f i custom1.obj
 0001:00000650       ?CoverRadius@CBaseMonster@@UAEMXZ 10001650 f i custom1.obj
 0001:00000660       ?CheckAmmo@CBaseMonster@@UAEXXZ 10001660 f i custom1.obj
 0001:00000670       ?HearingSensitivity@CBaseMonster@@UAEMXZ 10001670 f i custom1.obj
 0001:00000680       ?PrescheduleThink@CBaseMonster@@UAEXXZ 10001680 f i custom1.obj
 0001:00000690       ?BodyTarget@CBaseMonster@@UAE?AVVector@@ABV2@@Z 10001690 f i custom1.obj
 0001:00000730       ?IsMoving@CBaseMonster@@UAEHXZ 10001730 f i custom1.obj
 0001:00000740       ?DeathSound@CBaseMonster@@UAEXXZ 10001740 f i custom1.obj
 0001:00000750       ?AlertSound@CBaseMonster@@UAEXXZ 10001750 f i custom1.obj
 0001:00000760       ?IdleSound@CBaseMonster@@UAEXXZ 10001760 f i custom1.obj
 0001:00000770       ?PainSound@CBaseMonster@@UAEXXZ 10001770 f i custom1.obj
 0001:00000780       ?StopFollowing@CBaseMonster@@UAEXH@Z 10001780 f i custom1.obj
 0001:00000790       _custom10                  10001790 f   custom10.obj
 0001:000007e0       ?BloodColor@Ccustom10@@UAEHXZ 100017e0 f i custom10.obj
 0001:000007f0       ?Spawn@Ccustom10@@UAEXXZ   100017f0 f   custom10.obj
 0001:00000890       ?Precache@Ccustom10@@UAEXXZ 10001890 f   custom10.obj
 0001:000008a0       ?Classify@Ccustom10@@UAEHXZ 100018a0 f   custom10.obj
 0001:000008b0       ?SetActivity@Ccustom10@@QAEXH@Z 100018b0 f   custom10.obj
 0001:000008f0       ?IdleThink@Ccustom10@@QAEXXZ 100018f0 f   custom10.obj
 0001:00000940       _custom11                  10001940 f   custom11.obj
 0001:00000990       ?BloodColor@Ccustom11@@UAEHXZ 10001990 f i custom11.obj
 0001:000009a0       ?Spawn@Ccustom11@@UAEXXZ   100019a0 f   custom11.obj
 0001:00000a40       ?Precache@Ccustom11@@UAEXXZ 10001a40 f   custom11.obj
 0001:00000a50       ?Classify@Ccustom11@@UAEHXZ 10001a50 f   custom11.obj
 0001:00000a60       ?SetActivity@Ccustom11@@QAEXH@Z 10001a60 f   custom11.obj
 0001:00000aa0       ?IdleThink@Ccustom11@@QAEXXZ 10001aa0 f   custom11.obj
 0001:00000af0       _custom12                  10001af0 f   custom12.obj
 0001:00000b40       ?BloodColor@Ccustom12@@UAEHXZ 10001b40 f i custom12.obj
 0001:00000b50       ?Spawn@Ccustom12@@UAEXXZ   10001b50 f   custom12.obj
 0001:00000bf0       ?Precache@Ccustom12@@UAEXXZ 10001bf0 f   custom12.obj
 0001:00000c00       ?Classify@Ccustom12@@UAEHXZ 10001c00 f   custom12.obj
 0001:00000c10       ?SetActivity@Ccustom12@@QAEXH@Z 10001c10 f   custom12.obj
 0001:00000c50       ?IdleThink@Ccustom12@@QAEXXZ 10001c50 f   custom12.obj
 0001:00000ca0       _custom2                   10001ca0 f   custom2.obj
 0001:00000cf0       ?BloodColor@CCustom2@@UAEHXZ 10001cf0 f i custom2.obj
 0001:00000d00       ?Spawn@CCustom2@@UAEXXZ    10001d00 f   custom2.obj
 0001:00000da0       ?Precache@CCustom2@@UAEXXZ 10001da0 f   custom2.obj
 0001:00000db0       ?Classify@CCustom2@@UAEHXZ 10001db0 f   custom2.obj
 0001:00000dc0       ?SetActivity@CCustom2@@QAEXH@Z 10001dc0 f   custom2.obj
 0001:00000e00       ?IdleThink@CCustom2@@QAEXXZ 10001e00 f   custom2.obj
 0001:00000e50       _custom3                   10001e50 f   custom3.obj
 0001:00000ea0       ?BloodColor@CCustom3@@UAEHXZ 10001ea0 f i custom3.obj
 0001:00000eb0       ?Spawn@CCustom3@@UAEXXZ    10001eb0 f   custom3.obj
 0001:00000f50       ?Precache@CCustom3@@UAEXXZ 10001f50 f   custom3.obj
 0001:00000f60       ?Classify@CCustom3@@UAEHXZ 10001f60 f   custom3.obj
 0001:00000f70       ?SetActivity@CCustom3@@QAEXH@Z 10001f70 f   custom3.obj
 0001:00000fb0       ?IdleThink@CCustom3@@QAEXXZ 10001fb0 f   custom3.obj
 0001:00001000       _custom4                   10002000 f   custom4.obj
 0001:00001050       ?BloodColor@CCustom4@@UAEHXZ 10002050 f i custom4.obj
 0001:00001060       ?Spawn@CCustom4@@UAEXXZ    10002060 f   custom4.obj
 0001:00001100       ?Precache@CCustom4@@UAEXXZ 10002100 f   custom4.obj
 0001:00001110       ?Classify@CCustom4@@UAEHXZ 10002110 f   custom4.obj
 0001:00001120       ?SetActivity@CCustom4@@QAEXH@Z 10002120 f   custom4.obj
 0001:00001160       ?IdleThink@CCustom4@@QAEXXZ 10002160 f   custom4.obj
 0001:000011b0       _custom5                   100021b0 f   custom5.obj
 0001:00001200       ?BloodColor@CCustom5@@UAEHXZ 10002200 f i custom5.obj
 0001:00001210       ?Spawn@CCustom5@@UAEXXZ    10002210 f   custom5.obj
 0001:000012b0       ?Precache@CCustom5@@UAEXXZ 100022b0 f   custom5.obj
 0001:000012c0       ?Classify@CCustom5@@UAEHXZ 100022c0 f   custom5.obj
 0001:000012d0       ?SetActivity@CCustom5@@QAEXH@Z 100022d0 f   custom5.obj
 0001:00001310       ?IdleThink@CCustom5@@QAEXXZ 10002310 f   custom5.obj
 0001:00001360       _custom6                   10002360 f   custom6.obj
 0001:000013b0       ?BloodColor@CCustom6@@UAEHXZ 100023b0 f i custom6.obj
 0001:000013c0       ?Spawn@CCustom6@@UAEXXZ    100023c0 f   custom6.obj
 0001:00001460       ?Precache@CCustom6@@UAEXXZ 10002460 f   custom6.obj
 0001:00001470       ?Classify@CCustom6@@UAEHXZ 10002470 f   custom6.obj
 0001:00001480       ?SetActivity@CCustom6@@QAEXH@Z 10002480 f   custom6.obj
 0001:000014c0       ?IdleThink@CCustom6@@QAEXXZ 100024c0 f   custom6.obj
 0001:00001510       _custom7                   10002510 f   custom7.obj
 0001:00001560       ?BloodColor@CCustom7@@UAEHXZ 10002560 f i custom7.obj
 0001:00001570       ?Spawn@CCustom7@@UAEXXZ    10002570 f   custom7.obj
 0001:00001610       ?Precache@CCustom7@@UAEXXZ 10002610 f   custom7.obj
 0001:00001620       ?Classify@CCustom7@@UAEHXZ 10002620 f   custom7.obj
 0001:00001630       ?SetActivity@CCustom7@@QAEXH@Z 10002630 f   custom7.obj
 0001:00001670       ?IdleThink@CCustom7@@QAEXXZ 10002670 f   custom7.obj
 0001:000016c0       _custom8                   100026c0 f   custom8.obj
 0001:00001710       ?BloodColor@Ccustom8@@UAEHXZ 10002710 f i custom8.obj
 0001:00001720       ?Spawn@Ccustom8@@UAEXXZ    10002720 f   custom8.obj
 0001:000017c0       ?Precache@Ccustom8@@UAEXXZ 100027c0 f   custom8.obj
 0001:000017d0       ?Classify@Ccustom8@@UAEHXZ 100027d0 f   custom8.obj
 0001:000017e0       ?SetActivity@Ccustom8@@QAEXH@Z 100027e0 f   custom8.obj
 0001:00001820       ?IdleThink@Ccustom8@@QAEXXZ 10002820 f   custom8.obj
 0001:00001870       _custom9                   10002870 f   custom9.obj
 0001:000018c0       ?BloodColor@Ccustom9@@UAEHXZ 100028c0 f i custom9.obj
 0001:000018d0       ?Spawn@Ccustom9@@UAEXXZ    100028d0 f   custom9.obj
 0001:00001970       ?Precache@Ccustom9@@UAEXXZ 10002970 f   custom9.obj
 0001:00001980       ?Classify@Ccustom9@@UAEHXZ 10002980 f   custom9.obj
 0001:00001990       ?SetActivity@Ccustom9@@QAEXH@Z 10002990 f   custom9.obj
 0001:000019d0       ?IdleThink@Ccustom9@@QAEXXZ 100029d0 f   custom9.obj
 0001:00001a20       _monster_gonome            10002a20 f   gonome.obj
 0001:00001a70       ?CheckRangeAttack1@CGonome@@UAEHMM@Z 10002a70 f i gonome.obj
 0001:00001a80       ?CheckRangeAttack2@CGonome@@UAEHMM@Z 10002a80 f i gonome.obj
 0001:00001a90       ?Save@CGonome@@UAEHAAVCSave@@@Z 10002a90 f   gonome.obj
 0001:00001ac0       ?Restore@CGonome@@UAEHAAVCRestore@@@Z 10002ac0 f   gonome.obj
 0001:00001af0       ?Classify@CGonome@@UAEHXZ  10002af0 f   gonome.obj
 0001:00001b10       ?SetYawSpeed@CGonome@@UAEXXZ 10002b10 f   gonome.obj
 0001:00001b20       ?TakeDamage@CGonome@@UAEHPAUentvars_s@@0MH@Z 10002b20 f   gonome.obj
 0001:00001cf0       ?PainSound@CGonome@@UAEXXZ 10002cf0 f   gonome.obj
 0001:00001d50       ?AlertSound@CGonome@@UAEXXZ 10002d50 f   gonome.obj
 0001:00001d60       ?IdleSound@CGonome@@UAEXXZ 10002d60 f   gonome.obj
 0001:00001dc0       ?AttackSound@CGonome@@QAEXXZ 10002dc0 f   gonome.obj
 0001:00001e10       ?HandleAnimEvent@CGonome@@UAEXPAUMonsterEvent_t@@@Z 10002e10 f   gonome.obj
 0001:00002140       ?Spawn@CGonome@@UAEXXZ     10003140 f   gonome.obj
 0001:00002260       ?Precache@CGonome@@UAEXXZ  10003260 f   gonome.obj
 0001:000022e0       ?IgnoreConditions@CGonome@@UAEHXZ 100032e0 f   gonome.obj
 0001:00002340       ?SpawnCrab@CGonome@@QAEXXZ 10003340 f   gonome.obj
 0001:00002370       ??0Vector@@QAE@MMM@Z       10003370 f i gonome.obj
 0001:00002390       ??0Vector@@QAE@ABV0@@Z     10003390 f i gonome.obj
 0001:000023b0       ?BloodColor@CBaseMonster@@UAEHXZ 100033b0 f i gonome.obj
 0001:000023c0       _monster_human_massn       100033c0 f   massn.obj
 0001:00002410       ?Save@CHMassn@@UAEHAAVCSave@@@Z 10003410 f   massn.obj
 0001:00002440       ?Restore@CHMassn@@UAEHAAVCRestore@@@Z 10003440 f   massn.obj
 0001:00002470       ?SpeakSentence@CHMassn@@QAEXXZ 10003470 f   massn.obj
 0001:000024d0       ?IRelationship@CHMassn@@UAEHPAVCBaseEntity@@@Z 100034d0 f   massn.obj
 0001:00002570       ?GibMonster@CHMassn@@UAEXXZ 10003570 f   massn.obj
 0001:00002770       ?ISoundMask@CHMassn@@UAEHXZ 10003770 f   massn.obj
 0001:00002780       ?FOkToSpeak@CHMassn@@QAEHXZ 10003780 f   massn.obj
 0001:000027c0       ?JustSpoke@CHMassn@@QAEXXZ 100037c0 f   massn.obj
 0001:000027f0       ?PrescheduleThink@CHMassn@@UAEXXZ 100037f0 f   massn.obj
 0001:00002880       ?FCanCheckAttacks@CHMassn@@UAEHXZ 10003880 f   massn.obj
 0001:00002890       ?CheckMeleeAttack1@CHMassn@@UAEHMM@Z 10003890 f   massn.obj
 0001:00002910       ?CheckRangeAttack1@CHMassn@@UAEHMM@Z 10003910 f   massn.obj
 0001:00002a10       ?CheckRangeAttack2@CHMassn@@UAEHMM@Z 10003a10 f   massn.obj
 0001:00002f40       ?TraceAttack@CHMassn@@UAEXPAUentvars_s@@MVVector@@PAUTraceResult@@H@Z 10003f40 f   massn.obj
 0001:00002fd0       ?TakeDamage@CHMassn@@UAEHPAUentvars_s@@0MH@Z 10003fd0 f   massn.obj
 0001:00003000       ?SetYawSpeed@CHMassn@@UAEXXZ 10004000 f   massn.obj
 0001:000030e0       ?IdleSound@CHMassn@@UAEXXZ 100040e0 f   massn.obj
 0001:00003250       ?CheckAmmo@CHMassn@@UAEXXZ 10004250 f   massn.obj
 0001:00003270       ?Classify@CHMassn@@UAEHXZ  10004270 f   massn.obj
 0001:00003290       ?Kick@CHMassn@@QAEPAVCBaseEntity@@XZ 10004290 f   massn.obj
 0001:00003370       ?GetGunPosition@CHMassn@@UAE?AVVector@@XZ 10004370 f   massn.obj
 0001:000033e0       ?Shoot@CHMassn@@QAEXXZ     100043e0 f   massn.obj
 0001:00003700       ?Shotgun@CHMassn@@QAEXXZ   10004700 f   massn.obj
 0001:00003a20       ?HandleAnimEvent@CHMassn@@UAEXPAUMonsterEvent_t@@@Z 10004a20 f   massn.obj
 0001:00003f40       ??HVector@@QBE?AV0@ABV0@@Z 10004f40 f i massn.obj
 0001:00003f80       ??GVector@@QBE?AV0@ABV0@@Z 10004f80 f i massn.obj
 0001:00003fc0       ??DVector@@QBE?AV0@M@Z     10004fc0 f i massn.obj
 0001:00004000       ?Spawn@CHMassn@@UAEXXZ     10005000 f   massn.obj
 0001:00004200       ?Precache@CHMassn@@UAEXXZ  10005200 f   massn.obj
 0001:00004310       ?StartTask@CHMassn@@UAEXPAUTask_t@@@Z 10005310 f   massn.obj
 0001:00004420       ?RunTask@CHMassn@@UAEXPAUTask_t@@@Z 10005420 f   massn.obj
 0001:000044c0       ?PainSound@CHMassn@@UAEXXZ 100054c0 f   massn.obj
 0001:000045d0       ?DeathSound@CHMassn@@UAEXXZ 100055d0 f   massn.obj
 0001:00004670       ?ScheduleFromName@CHMassn@@UAEPAUSchedule_t@@PBD@Z 10005670 f   massn.obj
 0001:000046a0       ?SetActivity@CHMassn@@UAEXW4Activity@@@Z 100056a0 f   massn.obj
 0001:00004860       ?GetSchedule@CHMassn@@UAEPAUSchedule_t@@XZ 10005860 f   massn.obj
 0001:00004d10       ?MySquadMonsterPointer@CSquadMonster@@UAEPAV1@XZ 10005d10 f i massn.obj
 0001:00004d20       ?GetScheduleOfType@CHMassn@@UAEPAUSchedule_t@@H@Z 10005d20 f   massn.obj
 0001:00004fc0       _monster_camera            10005fc0 f   monster_camera.obj
 0001:00005010       ?Save@CCamera@@UAEHAAVCSave@@@Z 10006010 f   monster_camera.obj
 0001:00005040       ?Restore@CCamera@@UAEHAAVCRestore@@@Z 10006040 f   monster_camera.obj
 0001:00005070       ?Classify@CCamera@@UAEHXZ  10006070 f   monster_camera.obj
 0001:00005080       ?TakeDamage@CCamera@@UAEHPAUentvars_s@@0MH@Z 10006080 f   monster_camera.obj
 0001:000050a0       ?Spawn@CCamera@@UAEXXZ     100060a0 f   monster_camera.obj
 0001:000051e0       ?Precache@CCamera@@UAEXXZ  100061e0 f   monster_camera.obj
 0001:000051f0       ?IgnoreConditions@CCamera@@UAEHXZ 100061f0 f   monster_camera.obj
 0001:00005350       _monster_otis              10006350 f   otis.obj
 0001:000053a0       ?ObjectCaps@COtis@@UAEHXZ  100063a0 f i otis.obj
 0001:000053b0       ?Save@COtis@@UAEHAAVCSave@@@Z 100063b0 f   otis.obj
 0001:000053e0       ?Restore@COtis@@UAEHAAVCRestore@@@Z 100063e0 f   otis.obj
 0001:00005410       ?ScheduleFromName@COtis@@UAEPAUSchedule_t@@PBD@Z 10006410 f   otis.obj
 0001:00005440       ?StartTask@COtis@@UAEXPAUTask_t@@@Z 10006440 f   otis.obj
 0001:00005450       ?RunTask@COtis@@UAEXPAUTask_t@@@Z 10006450 f   otis.obj
 0001:000054b0       ?ISoundMask@COtis@@UAEHXZ  100064b0 f   otis.obj
 0001:000054c0       ?Classify@COtis@@UAEHXZ    100064c0 f   otis.obj
 0001:000054e0       ?AlertSound@COtis@@UAEXXZ  100064e0 f   otis.obj
 0001:00005540       ?SetYawSpeed@COtis@@UAEXXZ 10006540 f   otis.obj
 0001:00005580       ?CheckRangeAttack1@COtis@@UAEHMM@Z 10006580 f   otis.obj
 0001:00005710       ?BarneyFirePistol@COtis@@QAEXXZ 10006710 f   otis.obj
 0001:00005900       ?HandleAnimEvent@COtis@@UAEXPAUMonsterEvent_t@@@Z 10006900 f   otis.obj
 0001:00005950       ?Spawn@COtis@@UAEXXZ       10006950 f   otis.obj
 0001:00005a80       ?Precache@COtis@@UAEXXZ    10006a80 f   otis.obj
 0001:00005b00       ?TalkInit@COtis@@QAEXXZ    10006b00 f   otis.obj
 0001:00005bd0       ?TakeDamage@COtis@@UAEHPAUentvars_s@@0MH@Z 10006bd0 f   otis.obj
 0001:00005e40       ?PainSound@COtis@@UAEXXZ   10006e40 f   otis.obj
 0001:00005f30       ?DeathSound@COtis@@UAEXXZ  10006f30 f   otis.obj
 0001:00005fe0       ?TraceAttack@COtis@@UAEXPAUentvars_s@@MVVector@@PAUTraceResult@@H@Z 10006fe0 f   otis.obj
 0001:00006080       ?Killed@COtis@@UAEXPAUentvars_s@@H@Z 10007080 f   otis.obj
 0001:000060f0       ?GetScheduleOfType@COtis@@UAEPAUSchedule_t@@H@Z 100070f0 f   otis.obj
 0001:000061b0       ?GetSchedule@COtis@@UAEPAUSchedule_t@@XZ 100071b0 f   otis.obj
 0001:00006360       ?GetIdealState@COtis@@UAE?AW4MONSTERSTATE@@XZ 10007360 f   otis.obj
 0001:00006370       ?DeclineFollowing@COtis@@UAEXXZ 10007370 f   otis.obj
 0001:00006390       ?KeyValue@CDeadOtis@@UAEXPAUKeyValueData_s@@@Z 10007390 f   otis.obj
 0001:00006410       _monster_otis_dead         10007410 f   otis.obj
 0001:00006460       ?Classify@CDeadOtis@@UAEHXZ 10007460 f i otis.obj
 0001:00006470       ?Spawn@CDeadOtis@@UAEXXZ   10007470 f   otis.obj
 0001:00006520       ?Precache@CBaseEntity@@UAEXXZ 10007520 f i otis.obj
 0001:00006530       ?FriendNumber@CTalkMonster@@UAEHH@Z 10007530 f i otis.obj
 0001:00006540       _monster_pit_drone         10007540 f   pitdrone.obj
 0001:00006590       ?CheckRangeAttack1@CPitDrone@@UAEHMM@Z 10007590 f i pitdrone.obj
 0001:000065a0       ?CheckRangeAttack2@CPitDrone@@UAEHMM@Z 100075a0 f i pitdrone.obj
 0001:000065b0       ?Save@CPitDrone@@UAEHAAVCSave@@@Z 100075b0 f   pitdrone.obj
 0001:000065e0       ?Restore@CPitDrone@@UAEHAAVCRestore@@@Z 100075e0 f   pitdrone.obj
 0001:00006610       ?Classify@CPitDrone@@UAEHXZ 10007610 f   pitdrone.obj
 0001:00006630       ?SetYawSpeed@CPitDrone@@UAEXXZ 10007630 f   pitdrone.obj
 0001:00006640       ?TakeDamage@CPitDrone@@UAEHPAUentvars_s@@0MH@Z 10007640 f   pitdrone.obj
 0001:00006810       ?PainSound@CPitDrone@@UAEXXZ 10007810 f   pitdrone.obj
 0001:00006870       ?AlertSound@CPitDrone@@UAEXXZ 10007870 f   pitdrone.obj
 0001:000068c0       ?IdleSound@CPitDrone@@UAEXXZ 100078c0 f   pitdrone.obj
 0001:00006920       ?AttackSound@CPitDrone@@QAEXXZ 10007920 f   pitdrone.obj
 0001:00006970       ?HandleAnimEvent@CPitDrone@@UAEXPAUMonsterEvent_t@@@Z 10007970 f   pitdrone.obj
 0001:00006c30       ?Spawn@CPitDrone@@UAEXXZ   10007c30 f   pitdrone.obj
 0001:00006da0       ?Precache@CPitDrone@@UAEXXZ 10007da0 f   pitdrone.obj
 0001:00006eb0       ?IgnoreConditions@CPitDrone@@UAEHXZ 10007eb0 f   pitdrone.obj
 0001:00006f10       ?TraceAttack@CPitDrone@@UAEXPAUentvars_s@@MVVector@@PAUTraceResult@@H@Z 10007f10 f   pitdrone.obj
 0001:00007090       ?DeathSound@CPitDrone@@UAEXXZ 10008090 f   pitdrone.obj
 0001:000070d0       ?GibMonster@CPitDrone@@UAEXXZ 100080d0 f   pitdrone.obj
 0001:000070e0       ?SetActivity@CPitDrone@@UAEXW4Activity@@@Z 100080e0 f   pitdrone.obj
 0001:000071c0       ?Spawn@CAK47@@UAEXXZ       100081c0 f   ak47.obj
 0001:00007230       ?Precache@CAK47@@UAEXXZ    10008230 f   ak47.obj
 0001:000072d0       ?GetItemInfo@CAK47@@UAEHPAUItemInfo@@@Z 100082d0 f   ak47.obj
 0001:00007340       ?AddToPlayer@CAK47@@UAEHPAVCBasePlayer@@@Z 10008340 f   ak47.obj
 0001:000073a0       ?Deploy@CAK47@@UAEHXZ      100083a0 f   ak47.obj
 0001:000073c0       ?PrimaryAttack@CAK47@@UAEXXZ 100083c0 f   ak47.obj
 0001:00007630       ?Reload@CAK47@@UAEXXZ      10008630 f   ak47.obj
 0001:00007650       ?WeaponIdle@CAK47@@UAEXXZ  10008650 f   ak47.obj
 0001:000076d0       ?GetItemInfo@CDEAGLE@@UAEHPAUItemInfo@@@Z 100086d0 f   deagle.obj
 0001:00007740       ?AddToPlayer@CDEAGLE@@UAEHPAVCBasePlayer@@@Z 10008740 f   deagle.obj
 0001:000077a0       ?Spawn@CDEAGLE@@UAEXXZ     100087a0 f   deagle.obj
 0001:00007800       ?Precache@CDEAGLE@@UAEXXZ  10008800 f   deagle.obj
 0001:00007880       ?Deploy@CDEAGLE@@UAEHXZ    10008880 f   deagle.obj
 0001:000078e0       ?PrimaryAttack@CDEAGLE@@UAEXXZ 100088e0 f   deagle.obj
 0001:00007c20       ?Reload@CDEAGLE@@UAEXXZ    10008c20 f   deagle.obj
 0001:00007c40       ?WeaponIdle@CDEAGLE@@UAEXXZ 10008c40 f   deagle.obj
 0001:00007d40       _weapon_fiveseven          10008d40 f   fiveseven.obj
 0001:00007d90       ?GetItemInfo@CFIVESEVEN@@UAEHPAUItemInfo@@@Z 10008d90 f   fiveseven.obj
 0001:00007e00       ?AddToPlayer@CFIVESEVEN@@UAEHPAVCBasePlayer@@@Z 10008e00 f   fiveseven.obj
 0001:00007e60       ?Spawn@CFIVESEVEN@@UAEXXZ  10008e60 f   fiveseven.obj
 0001:00007ec0       ?Precache@CFIVESEVEN@@UAEXXZ 10008ec0 f   fiveseven.obj
 0001:00007f30       ?Deploy@CFIVESEVEN@@UAEHXZ 10008f30 f   fiveseven.obj
 0001:00007f90       ?PrimaryAttack@CFIVESEVEN@@UAEXXZ 10008f90 f   fiveseven.obj
 0001:000082d0       ?Reload@CFIVESEVEN@@UAEXXZ 100092d0 f   fiveseven.obj
 0001:000082f0       ?WeaponIdle@CFIVESEVEN@@UAEXXZ 100092f0 f   fiveseven.obj
 0001:000083e0       _ammo_FIVESEVEN            100093e0 f   fiveseven.obj
 0001:00008430       ?Spawn@CFIVESEVENAmmo@@EAEXXZ 10009430 f i fiveseven.obj
 0001:00008460       ?Precache@CFIVESEVENAmmo@@EAEXXZ 10009460 f i fiveseven.obj
 0001:00008480       ?AddAmmo@CFIVESEVENAmmo@@EAEHPAVCBaseEntity@@@Z 10009480 f i fiveseven.obj
 0001:000084d0       ?KeyValue@CBaseEntity@@UAEXPAUKeyValueData_s@@@Z 100094d0 f i fiveseven.obj
 0001:000084e0       ?Classify@CBaseEntity@@UAEHXZ 100094e0 f i fiveseven.obj
 0001:000084f0       ?BloodColor@CBaseEntity@@UAEHXZ 100094f0 f i fiveseven.obj
 0001:00008500       ?MyMonsterPointer@CBaseEntity@@UAEPAVCBaseMonster@@XZ 10009500 f i fiveseven.obj
 0001:00008510       ?GetToggleState@CBaseEntity@@UAEHXZ 10009510 f i fiveseven.obj
 0001:00008520       ?GetDelay@CBaseEntity@@UAEMXZ 10009520 f i fiveseven.obj
 0001:00008530       ?IsMoving@CBaseEntity@@UAEHXZ 10009530 f i fiveseven.obj
 0001:00008580       ?IsAlive@CBaseEntity@@UAEHXZ 10009580 f i fiveseven.obj
 0001:000085b0       ?FBecomeProne@CBaseEntity@@UAEHXZ 100095b0 f i fiveseven.obj
 0001:000085c0       ?BodyTarget@CBaseEntity@@UAE?AVVector@@ABV2@@Z 100095c0 f i fiveseven.obj
 0001:000085f0       ?HandleAnimEvent@CBaseAnimating@@UAEXPAUMonsterEvent_t@@@Z 100095f0 f i fiveseven.obj
 0001:00008600       ?CanHolster@CBasePlayerItem@@UAEHXZ 10009600 f i fiveseven.obj
 0001:00008610       ?ItemPreFrame@CBasePlayerItem@@UAEXXZ 10009610 f i fiveseven.obj
 0001:00008620       ?AddWeapon@CBasePlayerWeapon@@UAEHXZ 10009620 f i fiveseven.obj
 0001:00008630       ?UpdateItemInfo@CBasePlayerWeapon@@UAEXXZ 10009630 f i fiveseven.obj
 0001:00008640       ?SecondaryAttack@CBasePlayerWeapon@@UAEXXZ 10009640 f i fiveseven.obj
 0001:00008650       ?ShouldWeaponIdle@CBasePlayerWeapon@@UAEHXZ 10009650 f i fiveseven.obj
 0001:00008660       ?GetWeaponPtr@CBasePlayerWeapon@@UAEPAVCBasePlayerItem@@XZ 10009660 f i fiveseven.obj
 0001:00008670       ?iItemSlot@CFIVESEVEN@@UAEHXZ 10009670 f i fiveseven.obj
 0001:00008680       ?UseDecrement@CFIVESEVEN@@UAEHXZ 10009680 f i fiveseven.obj
 0001:00008690       _weapon_glock18            10009690 f   glock18.obj
 0001:000086e0       ?GetItemInfo@CGLOCK18@@UAEHPAUItemInfo@@@Z 100096e0 f   glock18.obj
 0001:00008750       ?AddToPlayer@CGLOCK18@@UAEHPAVCBasePlayer@@@Z 10009750 f   glock18.obj
 0001:000087b0       ?Spawn@CGLOCK18@@UAEXXZ    100097b0 f   glock18.obj
 0001:00008810       ?Precache@CGLOCK18@@UAEXXZ 10009810 f   glock18.obj
 0001:00008890       ?Deploy@CGLOCK18@@UAEHXZ   10009890 f   glock18.obj
 0001:000088f0       ?PrimaryAttack@CGLOCK18@@UAEXXZ 100098f0 f   glock18.obj
 0001:00008c10       ?Reload@CGLOCK18@@UAEXXZ   10009c10 f   glock18.obj
 0001:00008c30       ?WeaponIdle@CGLOCK18@@UAEXXZ 10009c30 f   glock18.obj
 0001:00008d30       _ammo_glock18              10009d30 f   glock18.obj
 0001:00008d80       ?Spawn@CGLOCK18Ammo@@EAEXXZ 10009d80 f i glock18.obj
 0001:00008db0       ?Precache@CGLOCK18Ammo@@EAEXXZ 10009db0 f i glock18.obj
 0001:00008dd0       ?AddAmmo@CGLOCK18Ammo@@EAEHPAVCBaseEntity@@@Z 10009dd0 f i glock18.obj
 0001:00008e20       ?iItemSlot@CGLOCK18@@UAEHXZ 10009e20 f i glock18.obj
 0001:00008e30       ?UseDecrement@CGLOCK18@@UAEHXZ 10009e30 f i glock18.obj
 0001:00008e40       _weapon_hkmp5              10009e40 f   HKMP5.obj
 0001:00008e90       ?Spawn@CHKMP5@@UAEXXZ      10009e90 f   HKMP5.obj
 0001:00008f00       ?Precache@CHKMP5@@UAEXXZ   10009f00 f   HKMP5.obj
 0001:00008fc0       ?GetItemInfo@CHKMP5@@UAEHPAUItemInfo@@@Z 10009fc0 f   HKMP5.obj
 0001:00009030       ?AddToPlayer@CHKMP5@@UAEHPAVCBasePlayer@@@Z 1000a030 f   HKMP5.obj
 0001:00009090       ?Deploy@CHKMP5@@UAEHXZ     1000a090 f   HKMP5.obj
 0001:000090b0       ?PrimaryAttack@CHKMP5@@UAEXXZ 1000a0b0 f   HKMP5.obj
 0001:00009320       ?Reload@CHKMP5@@UAEXXZ     1000a320 f   HKMP5.obj
 0001:00009340       ?WeaponIdle@CHKMP5@@UAEXXZ 1000a340 f   HKMP5.obj
 0001:000093c0       ?DamageForce@CHKMP5@@QAEMM@Z 1000a3c0 f   HKMP5.obj
 0001:00009400       ?TakeDamage@CHKMP5@@UAEHPAUentvars_s@@0MH@Z 1000a400 f   HKMP5.obj
 0001:000099c0       ?BounceCode@CHKMP5@@QAEXXZ 1000a9c0 f   HKMP5.obj
 0001:00009d80       ?NormalizeAngles@CHKMP5@@QAEXPAM@Z 1000ad80 f   HKMP5.obj
 0001:00009dd0       ?Length@Vector@@QBEMXZ     1000add0 f i HKMP5.obj
 0001:00009e00       _ammo_HKMP5                1000ae00 f   HKMP5.obj
 0001:00009e50       ?Spawn@CHKMP5AmmoClip@@EAEXXZ 1000ae50 f i HKMP5.obj
 0001:00009e80       ?Precache@CHKMP5AmmoClip@@EAEXXZ 1000ae80 f i HKMP5.obj
 0001:00009ea0       ?AddAmmo@CHKMP5AmmoClip@@EAEHPAVCBaseEntity@@@Z 1000aea0 f i HKMP5.obj
 0001:00009f00       ?iItemSlot@CHKMP5@@UAEHXZ  1000af00 f i HKMP5.obj
 0001:00009f10       ?UseDecrement@CHKMP5@@UAEHXZ 1000af10 f i HKMP5.obj
 0001:00009f20       _weapon_m3                 1000af20 f   m3.obj
 0001:00009f70       ?Spawn@CM3@@UAEXXZ         1000af70 f   m3.obj
 0001:00009fb0       ?Precache@CM3@@UAEXXZ      1000afb0 f   m3.obj
 0001:0000a040       ?AddToPlayer@CM3@@UAEHPAVCBasePlayer@@@Z 1000b040 f   m3.obj
 0001:0000a0a0       ?GetItemInfo@CM3@@UAEHPAUItemInfo@@@Z 1000b0a0 f   m3.obj
 0001:0000a110       ?Deploy@CM3@@UAEHXZ        1000b110 f   m3.obj
 0001:0000a130       ?PrimaryAttack@CM3@@UAEXXZ 1000b130 f   m3.obj
 0001:0000a3c0       ?Reload@CM3@@UAEXXZ        1000b3c0 f   m3.obj
 0001:0000a570       ?WeaponIdle@CM3@@UAEXXZ    1000b570 f   m3.obj
 0001:0000a730       _ammo_M3                   1000b730 f   m3.obj
 0001:0000a780       ?Spawn@CM3Ammo@@EAEXXZ     1000b780 f i m3.obj
 0001:0000a7b0       ?Precache@CM3Ammo@@EAEXXZ  1000b7b0 f i m3.obj
 0001:0000a7d0       ?AddAmmo@CM3Ammo@@EAEHPAVCBaseEntity@@@Z 1000b7d0 f i m3.obj
 0001:0000a820       ?iItemSlot@CM3@@UAEHXZ     1000b820 f i m3.obj
 0001:0000a830       ?UseDecrement@CM3@@UAEHXZ  1000b830 f i m3.obj
 0001:0000a840       _weapon_m4a1               1000b840 f   m4a1.obj
 0001:0000a890       ?Spawn@CM4A1@@UAEXXZ       1000b890 f   m4a1.obj
 0001:0000a900       ?Precache@CM4A1@@UAEXXZ    1000b900 f   m4a1.obj
 0001:0000a9c0       ?GetItemInfo@CM4A1@@UAEHPAUItemInfo@@@Z 1000b9c0 f   m4a1.obj
 0001:0000aa30       ?AddToPlayer@CM4A1@@UAEHPAVCBasePlayer@@@Z 1000ba30 f   m4a1.obj
 0001:0000aa90       ?Deploy@CM4A1@@UAEHXZ      1000ba90 f   m4a1.obj
 0001:0000aad0       ?PrimaryAttack@CM4A1@@UAEXXZ 1000bad0 f   m4a1.obj
 0001:0000ae50       ?SecondaryAttack@CM4A1@@UAEXXZ 1000be50 f   m4a1.obj
 0001:0000aec0       ?Reload@CM4A1@@UAEXXZ      1000bec0 f   m4a1.obj
 0001:0000aef0       ?WeaponIdle@CM4A1@@UAEXXZ  1000bef0 f   m4a1.obj
 0001:0000af70       ?DamageForce@CM4A1@@QAEMM@Z 1000bf70 f   m4a1.obj
 0001:0000afb0       ?TakeDamage@CM4A1@@UAEHPAUentvars_s@@0MH@Z 1000bfb0 f   m4a1.obj
 0001:0000b530       _ammo_M4A1                 1000c530 f   m4a1.obj
 0001:0000b580       ?Spawn@CM4A1AmmoClip@@EAEXXZ 1000c580 f i m4a1.obj
 0001:0000b5b0       ?Precache@CM4A1AmmoClip@@EAEXXZ 1000c5b0 f i m4a1.obj
 0001:0000b5d0       ?AddAmmo@CM4A1AmmoClip@@EAEHPAVCBaseEntity@@@Z 1000c5d0 f i m4a1.obj
 0001:0000b630       ?Instance@CBaseEntity@@SAPAV1@PAUedict_s@@@Z 1000c630 f i m4a1.obj
 0001:0000b650       ?iItemSlot@CM4A1@@UAEHXZ   1000c650 f i m4a1.obj
 0001:0000b660       ?UseDecrement@CM4A1@@UAEHXZ 1000c660 f i m4a1.obj
 0001:0000b670       _weapon_mac10              1000c670 f   mac10.obj
 0001:0000b6c0       ?Spawn@CMAC10@@UAEXXZ      1000c6c0 f   mac10.obj
 0001:0000b730       ?Precache@CMAC10@@UAEXXZ   1000c730 f   mac10.obj
 0001:0000b7c0       ?GetItemInfo@CMAC10@@UAEHPAUItemInfo@@@Z 1000c7c0 f   mac10.obj
 0001:0000b830       ?AddToPlayer@CMAC10@@UAEHPAVCBasePlayer@@@Z 1000c830 f   mac10.obj
 0001:0000b890       ?Deploy@CMAC10@@UAEHXZ     1000c890 f   mac10.obj
 0001:0000b8b0       ?PrimaryAttack@CMAC10@@UAEXXZ 1000c8b0 f   mac10.obj
 0001:0000bcd0       ?Reload@CMAC10@@UAEXXZ     1000ccd0 f   mac10.obj
 0001:0000bcf0       ?WeaponIdle@CMAC10@@UAEXXZ 1000ccf0 f   mac10.obj
 0001:0000bd70       ?DamageForce@CMAC10@@QAEMM@Z 1000cd70 f   mac10.obj
 0001:0000bdb0       ?TakeDamage@CMAC10@@UAEHPAUentvars_s@@0MH@Z 1000cdb0 f   mac10.obj
 0001:0000c330       _ammo_MAC10                1000d330 f   mac10.obj
 0001:0000c380       ?Spawn@CMAC10AmmoClip@@EAEXXZ 1000d380 f i mac10.obj
 0001:0000c3b0       ?Precache@CMAC10AmmoClip@@EAEXXZ 1000d3b0 f i mac10.obj
 0001:0000c3d0       ?AddAmmo@CMAC10AmmoClip@@EAEHPAVCBaseEntity@@@Z 1000d3d0 f i mac10.obj
 0001:0000c430       ?iItemSlot@CMAC10@@UAEHXZ  1000d430 f i mac10.obj
 0001:0000c440       ?UseDecrement@CMAC10@@UAEHXZ 1000d440 f i mac10.obj
 0001:0000c450       _weapon_p228               1000d450 f   p228.obj
 0001:0000c4a0       ?GetItemInfo@CP228@@UAEHPAUItemInfo@@@Z 1000d4a0 f   p228.obj
 0001:0000c510       ?AddToPlayer@CP228@@UAEHPAVCBasePlayer@@@Z 1000d510 f   p228.obj
 0001:0000c570       ?Spawn@CP228@@UAEXXZ       1000d570 f   p228.obj
 0001:0000c5d0       ?Precache@CP228@@UAEXXZ    1000d5d0 f   p228.obj
 0001:0000c670       ?Deploy@CP228@@UAEHXZ      1000d670 f   p228.obj
 0001:0000c6d0       ?PrimaryAttack@CP228@@UAEXXZ 1000d6d0 f   p228.obj
 0001:0000ca10       ?Reload@CP228@@UAEXXZ      1000da10 f   p228.obj
 0001:0000ca30       ?WeaponIdle@CP228@@UAEXXZ  1000da30 f   p228.obj
 0001:0000cb30       _ammo_P228                 1000db30 f   p228.obj
 0001:0000cb80       ?Spawn@CP228Ammo@@EAEXXZ   1000db80 f i p228.obj
 0001:0000cbb0       ?Precache@CP228Ammo@@EAEXXZ 1000dbb0 f i p228.obj
 0001:0000cbd0       ?AddAmmo@CP228Ammo@@EAEHPAVCBaseEntity@@@Z 1000dbd0 f i p228.obj
 0001:0000cc20       ?iItemSlot@CP228@@UAEHXZ   1000dc20 f i p228.obj
 0001:0000cc30       ?UseDecrement@CP228@@UAEHXZ 1000dc30 f i p228.obj
 0001:0000cc40       _weapon_p90                1000dc40 f   p90.obj
 0001:0000cc90       ?Spawn@CP90@@UAEXXZ        1000dc90 f   p90.obj
 0001:0000cd00       ?Precache@CP90@@UAEXXZ     1000dd00 f   p90.obj
 0001:0000cd90       ?GetItemInfo@CP90@@UAEHPAUItemInfo@@@Z 1000dd90 f   p90.obj
 0001:0000ce00       ?AddToPlayer@CP90@@UAEHPAVCBasePlayer@@@Z 1000de00 f   p90.obj
 0001:0000ce60       ?Deploy@CP90@@UAEHXZ       1000de60 f   p90.obj
 0001:0000ce80       ?PrimaryAttack@CP90@@UAEXXZ 1000de80 f   p90.obj
 0001:0000d1e0       ?Reload@CP90@@UAEXXZ       1000e1e0 f   p90.obj
 0001:0000d200       ?WeaponIdle@CP90@@UAEXXZ   1000e200 f   p90.obj
 0001:0000d280       ?DamageForce@CP90@@QAEMM@Z 1000e280 f   p90.obj
 0001:0000d2c0       ?TakeDamage@CP90@@UAEHPAUentvars_s@@0MH@Z 1000e2c0 f   p90.obj
 0001:0000d840       _ammo_P90                  1000e840 f   p90.obj
 0001:0000d890       ?Spawn@CP90AmmoClip@@EAEXXZ 1000e890 f i p90.obj
 0001:0000d8c0       ?Precache@CP90AmmoClip@@EAEXXZ 1000e8c0 f i p90.obj
 0001:0000d8e0       ?AddAmmo@CP90AmmoClip@@EAEHPAVCBaseEntity@@@Z 1000e8e0 f i p90.obj
 0001:0000d940       ?iItemSlot@CP90@@UAEHXZ    1000e940 f i p90.obj
 0001:0000d950       ?UseDecrement@CP90@@UAEHXZ 1000e950 f i p90.obj
 0001:0000d960       _weapon_ump45              1000e960 f   ump45.obj
 0001:0000d9b0       ?Spawn@CUMP45@@UAEXXZ      1000e9b0 f   ump45.obj
 0001:0000da20       ?Precache@CUMP45@@UAEXXZ   1000ea20 f   ump45.obj
 0001:0000dab0       ?GetItemInfo@CUMP45@@UAEHPAUItemInfo@@@Z 1000eab0 f   ump45.obj
 0001:0000db20       ?AddToPlayer@CUMP45@@UAEHPAVCBasePlayer@@@Z 1000eb20 f   ump45.obj
 0001:0000db80       ?Deploy@CUMP45@@UAEHXZ     1000eb80 f   ump45.obj
 0001:0000dba0       ?PrimaryAttack@CUMP45@@UAEXXZ 1000eba0 f   ump45.obj
 0001:0000df00       ?Reload@CUMP45@@UAEXXZ     1000ef00 f   ump45.obj
 0001:0000df20       ?WeaponIdle@CUMP45@@UAEXXZ 1000ef20 f   ump45.obj
 0001:0000dfa0       ?DamageForce@CUMP45@@QAEMM@Z 1000efa0 f   ump45.obj
 0001:0000dfe0       ?TakeDamage@CUMP45@@UAEHPAUentvars_s@@0MH@Z 1000efe0 f   ump45.obj
 0001:0000e560       _ammo_UMP45                1000f560 f   ump45.obj
 0001:0000e5b0       ?Spawn@CUMP45AmmoClip@@EAEXXZ 1000f5b0 f i ump45.obj
 0001:0000e5e0       ?Precache@CUMP45AmmoClip@@EAEXXZ 1000f5e0 f i ump45.obj
 0001:0000e600       ?AddAmmo@CUMP45AmmoClip@@EAEHPAVCBaseEntity@@@Z 1000f600 f i ump45.obj
 0001:0000e660       ?iItemSlot@CUMP45@@UAEHXZ  1000f660 f i ump45.obj
 0001:0000e670       ?UseDecrement@CUMP45@@UAEHXZ 1000f670 f i ump45.obj
 0001:0000e680       _weapon_usp                1000f680 f   usp.obj
 0001:0000e6d0       ?Spawn@CUSP@@UAEXXZ        1000f6d0 f   usp.obj
 0001:0000e740       ?Precache@CUSP@@UAEXXZ     1000f740 f   usp.obj
 0001:0000e800       ?GetItemInfo@CUSP@@UAEHPAUItemInfo@@@Z 1000f800 f   usp.obj
 0001:0000e870       ?AddToPlayer@CUSP@@UAEHPAVCBasePlayer@@@Z 1000f870 f   usp.obj
 0001:0000e8d0       ?Deploy@CUSP@@UAEHXZ       1000f8d0 f   usp.obj
 0001:0000e910       ?PrimaryAttack@CUSP@@UAEXXZ 1000f910 f   usp.obj
 0001:0000eca0       ?SecondaryAttack@CUSP@@UAEXXZ 1000fca0 f   usp.obj
 0001:0000ed10       ?Reload@CUSP@@UAEXXZ       1000fd10 f   usp.obj
 0001:0000ed40       ?WeaponIdle@CUSP@@UAEXXZ   1000fd40 f   usp.obj
 0001:0000edc0       ?DamageForce@CUSP@@QAEMM@Z 1000fdc0 f   usp.obj
 0001:0000ee00       ?TakeDamage@CUSP@@UAEHPAUentvars_s@@0MH@Z 1000fe00 f   usp.obj
 0001:0000f380       _ammo_USP                  10010380 f   usp.obj
 0001:0000f3d0       ?Spawn@CUSPAmmoClip@@EAEXXZ 100103d0 f i usp.obj
 0001:0000f400       ?Precache@CUSPAmmoClip@@EAEXXZ 10010400 f i usp.obj
 0001:0000f420       ?AddAmmo@CUSPAmmoClip@@EAEHPAVCBaseEntity@@@Z 10010420 f i usp.obj
 0001:0000f480       ?iItemSlot@CUSP@@UAEHXZ    10010480 f i usp.obj
 0001:0000f490       ?UseDecrement@CUSP@@UAEHXZ 10010490 f i usp.obj
 0001:0000f4a0       _weapon_xm1014             100104a0 f   xm1014.obj
 0001:0000f4f0       ?Spawn@CXM1014@@UAEXXZ     100104f0 f   xm1014.obj
 0001:0000f530       ?Precache@CXM1014@@UAEXXZ  10010530 f   xm1014.obj
 0001:0000f5c0       ?AddToPlayer@CXM1014@@UAEHPAVCBasePlayer@@@Z 100105c0 f   xm1014.obj
 0001:0000f620       ?GetItemInfo@CXM1014@@UAEHPAUItemInfo@@@Z 10010620 f   xm1014.obj
 0001:0000f690       ?Deploy@CXM1014@@UAEHXZ    10010690 f   xm1014.obj
 0001:0000f6b0       ?PrimaryAttack@CXM1014@@UAEXXZ 100106b0 f   xm1014.obj
 0001:0000f940       ?Reload@CXM1014@@UAEXXZ    10010940 f   xm1014.obj
 0001:0000faf0       ?WeaponIdle@CXM1014@@UAEXXZ 10010af0 f   xm1014.obj
 0001:0000fcb0       _ammo_XM1014               10010cb0 f   xm1014.obj
 0001:0000fd00       ?Spawn@CXM1014Ammo@@EAEXXZ 10010d00 f i xm1014.obj
 0001:0000fd30       ?Precache@CXM1014Ammo@@EAEXXZ 10010d30 f i xm1014.obj
 0001:0000fd50       ?AddAmmo@CXM1014Ammo@@EAEHPAVCBaseEntity@@@Z 10010d50 f i xm1014.obj
 0001:0000fda0       ?iItemSlot@CXM1014@@UAEHXZ 10010da0 f i xm1014.obj
 0001:0000fdb0       ?UseDecrement@CXM1014@@UAEHXZ 10010db0 f i xm1014.obj
 0001:0000fdc0       ?Save@CFlockingFlyerFlock@@UAEHAAVCSave@@@Z 10010dc0 f   aflock.obj
 0001:0000fdf0       ?Restore@CFlockingFlyerFlock@@UAEHAAVCRestore@@@Z 10010df0 f   aflock.obj
 0001:0000fe20       _monster_flyer             10010e20 f   aflock.obj
 0001:0000fe70       ?Save@CFlockingFlyer@@UAEHAAVCSave@@@Z 10010e70 f   aflock.obj
 0001:0000fea0       ?Restore@CFlockingFlyer@@UAEHAAVCRestore@@@Z 10010ea0 f   aflock.obj
 0001:0000fed0       ?KeyValue@CFlockingFlyerFlock@@UAEXPAUKeyValueData_s@@@Z 10010ed0 f   aflock.obj
 0001:0000ff90       ?Spawn@CFlockingFlyerFlock@@UAEXXZ 10010f90 f   aflock.obj
 0001:0000ffc0       ?Precache@CFlockingFlyerFlock@@UAEXXZ 10010fc0 f   aflock.obj
 0001:0000ffe0       ?PrecacheFlockSounds@CFlockingFlyerFlock@@SAXXZ 10010fe0 f   aflock.obj
 0001:00010010       ?SpawnFlock@CFlockingFlyerFlock@@QAEXXZ 10011010 f   aflock.obj
 0001:00010220       ?Spawn@CFlockingFlyer@@UAEXXZ 10011220 f   aflock.obj
 0001:00010260       ?Precache@CFlockingFlyer@@UAEXXZ 10011260 f   aflock.obj
 0001:00010280       ?MakeSound@CFlockingFlyer@@QAEXXZ 10011280 f   aflock.obj
 0001:00010360       ?Killed@CFlockingFlyer@@UAEXPAUentvars_s@@H@Z 10011360 f   aflock.obj
 0001:00010440       ?FallHack@CFlockingFlyer@@QAEXXZ 10011440 f   aflock.obj
 0001:00010500       ?SpawnCommonCode@CFlockingFlyer@@QAEXXZ 10011500 f   aflock.obj
 0001:000105d0       ?BoidAdvanceFrame@CFlockingFlyer@@QAEXXZ 100115d0 f   aflock.obj
 0001:00010680       ?IdleThink@CFlockingFlyer@@QAEXXZ 10011680 f   aflock.obj
 0001:000106e0       ?Start@CFlockingFlyer@@QAEXXZ 100116e0 f   aflock.obj
 0001:00010740       ?FormFlock@CFlockingFlyer@@QAEXXZ 10011740 f   aflock.obj
 0001:00010840       ?SpreadFlock@CFlockingFlyer@@QAEXXZ 10011840 f   aflock.obj
 0001:00010af0       ?SpreadFlock2@CFlockingFlyer@@QAEXXZ 10011af0 f   aflock.obj
 0001:00010c40       ?FPathBlocked@CFlockingFlyer@@QAEHXZ 10011c40 f   aflock.obj
 0001:000110a0       ?FlockLeaderThink@CFlockingFlyer@@QAEXXZ 100120a0 f   aflock.obj
 0001:00011570       ?FlockFollowerThink@CFlockingFlyer@@QAEXXZ 10012570 f   aflock.obj
 0001:00011970       ?SquadUnlink@CFlockingFlyer@@QAEXXZ 10012970 f   aflock.obj
 0001:00011980       ?SquadAdd@CFlockingFlyer@@QAEXPAV1@@Z 10012980 f   aflock.obj
 0001:000119a0       ?SquadRemove@CFlockingFlyer@@QAEXPAV1@@Z 100129a0 f   aflock.obj
 0001:00011a40       ?SquadCount@CFlockingFlyer@@QAEHXZ 10012a40 f   aflock.obj
 0001:00011a60       ?SquadDisband@CFlockingFlyer@@QAEXXZ 10012a60 f   aflock.obj
 0001:00011a80       ??0CBaseToggle@@QAE@XZ     10012a80 f i aflock.obj
 0001:00011a90       ?Spawn@CBaseEntity@@UAEXXZ 10012a90 f i aflock.obj
 0001:00011aa0       ??0WayPoint_t@@QAE@XZ      10012aa0 f i aflock.obj
 0001:00011ab0       _monster_alien_grunt       10012ab0 f   agrunt.obj
 0001:00011b00       ?SetObjectCollisionBox@CAGrunt@@UAEXXZ 10012b00 f i agrunt.obj
 0001:00011bb0       ?Save@CAGrunt@@UAEHAAVCSave@@@Z 10012bb0 f   agrunt.obj
 0001:00011be0       ?Restore@CAGrunt@@UAEHAAVCRestore@@@Z 10012be0 f   agrunt.obj
 0001:00011c10       ?IRelationship@CAGrunt@@UAEHPAVCBaseEntity@@@Z 10012c10 f   agrunt.obj
 0001:00011c80       ?ISoundMask@CAGrunt@@UAEHXZ 10012c80 f   agrunt.obj
 0001:00011c90       ?TraceAttack@CAGrunt@@UAEXPAUentvars_s@@MVVector@@PAUTraceResult@@H@Z 10012c90 f   agrunt.obj
 0001:00011ea0       ?StopTalking@CAGrunt@@QAEXXZ 10012ea0 f   agrunt.obj
 0001:00011ee0       ?ShouldSpeak@CAGrunt@@QAEHXZ 10012ee0 f   agrunt.obj
 0001:00011f30       ?PrescheduleThink@CAGrunt@@UAEXXZ 10012f30 f   agrunt.obj
 0001:00011fe0       ?DeathSound@CAGrunt@@UAEXXZ 10012fe0 f   agrunt.obj
 0001:00012020       ?AlertSound@CAGrunt@@UAEXXZ 10013020 f   agrunt.obj
 0001:00012060       ?AttackSound@CAGrunt@@QAEXXZ 10013060 f   agrunt.obj
 0001:000120a0       ?PainSound@CAGrunt@@UAEXXZ 100130a0 f   agrunt.obj
 0001:00012110       ?Classify@CAGrunt@@UAEHXZ  10013110 f   agrunt.obj
 0001:00012130       ?SetYawSpeed@CAGrunt@@UAEXXZ 10013130 f   agrunt.obj
 0001:00012160       ?HandleAnimEvent@CAGrunt@@UAEXPAUMonsterEvent_t@@@Z 10013160 f   agrunt.obj
 0001:00012980       ?Spawn@CAGrunt@@UAEXXZ     10013980 f   agrunt.obj
 0001:00012ad0       ?Precache@CAGrunt@@UAEXXZ  10013ad0 f   agrunt.obj
 0001:00012bd0       ?ScheduleFromName@CAGrunt@@UAEPAUSchedule_t@@PBD@Z 10013bd0 f   agrunt.obj
 0001:00012c00       ?FCanCheckAttacks@CAGrunt@@UAEHXZ 10013c00 f   agrunt.obj
 0001:00012c10       ?CheckMeleeAttack1@CAGrunt@@UAEHMM@Z 10013c10 f   agrunt.obj
 0001:00012c60       ?CheckRangeAttack1@CAGrunt@@UAEHMM@Z 10013c60 f   agrunt.obj
 0001:00012dd0       ?StartTask@CAGrunt@@UAEXPAUTask_t@@@Z 10013dd0 f   agrunt.obj
 0001:00013320       ?GetSchedule@CAGrunt@@UAEPAUSchedule_t@@XZ 10014320 f   agrunt.obj
 0001:00013410       ?GetScheduleOfType@CAGrunt@@UAEPAUSchedule_t@@H@Z 10014410 f   agrunt.obj
 0001:000134d0       _item_airtank              100144d0 f   airtank.obj
 0001:00013520       ?BloodColor@CAirtank@@EAEHXZ 10014520 f i airtank.obj
 0001:00013530       ?Save@CAirtank@@EAEHAAVCSave@@@Z 10014530 f   airtank.obj
 0001:00013560       ?Restore@CAirtank@@EAEHAAVCRestore@@@Z 10014560 f   airtank.obj
 0001:00013590       ?Spawn@CAirtank@@EAEXXZ    10014590 f   airtank.obj
 0001:00013680       ?Precache@CAirtank@@EAEXXZ 10014680 f   airtank.obj
 0001:000136a0       ?Killed@CAirtank@@EAEXPAUentvars_s@@H@Z 100146a0 f   airtank.obj
 0001:00013700       ?TankThink@CAirtank@@AAEXXZ 10014700 f   airtank.obj
 0001:00013720       ?TankTouch@CAirtank@@AAEXPAVCBaseEntity@@@Z 10014720 f   airtank.obj
 0001:000137f0       ?Save@CBaseAnimating@@UAEHAAVCSave@@@Z 100147f0 f   animating.obj
 0001:00013820       ?Restore@CBaseAnimating@@UAEHAAVCRestore@@@Z 10014820 f   animating.obj
 0001:00013850       ?StudioFrameAdvance@CBaseAnimating@@QAEMM@Z 10014850 f   animating.obj
 0001:00013980       ?LookupActivity@CBaseAnimating@@QAEHH@Z 10014980 f   animating.obj
 0001:000139b0       ?LookupActivityHeaviest@CBaseAnimating@@QAEHH@Z 100149b0 f   animating.obj
 0001:000139e0       ?LookupSequence@CBaseAnimating@@QAEHPBD@Z 100149e0 f   animating.obj
 0001:00013a10       ?ResetSequenceInfo@CBaseAnimating@@QAEXXZ 10014a10 f   animating.obj
 0001:00013a80       ?GetSequenceFlags@CBaseAnimating@@QAEHXZ 10014a80 f   animating.obj
 0001:00013ab0       ?DispatchAnimEvents@CBaseAnimating@@QAEXM@Z 10014ab0 f   animating.obj
 0001:00013bc0       ?SetBoneController@CBaseAnimating@@QAEMHM@Z 10014bc0 f   animating.obj
 0001:00013bf0       ?InitBoneControllers@CBaseAnimating@@QAEXXZ 10014bf0 f   animating.obj
 0001:00013c50       ?SetBlending@CBaseAnimating@@QAEMHM@Z 10014c50 f   animating.obj
 0001:00013c80       ?GetBonePosition@CBaseAnimating@@QAEXHAAVVector@@0@Z 10014c80 f   animating.obj
 0001:00013cb0       ?GetAttachment@CBaseAnimating@@QAEXHAAVVector@@0@Z 10014cb0 f   animating.obj
 0001:00013ce0       ?FindTransition@CBaseAnimating@@QAEHHHPAH@Z 10014ce0 f   animating.obj
 0001:00013d40       ?GetAutomovement@CBaseAnimating@@QAEXAAVVector@@0M@Z 10014d40 f   animating.obj
 0001:00013d50       ?SetBodygroup@CBaseAnimating@@QAEXHH@Z 10014d50 f   animating.obj
 0001:00013d80       ?GetBodygroup@CBaseAnimating@@QAEHH@Z 10014d80 f   animating.obj
 0001:00013db0       ?ExtractBbox@CBaseAnimating@@QAEHHPAM0@Z 10014db0 f   animating.obj
 0001:00013de0       ?SetSequenceBox@CBaseAnimating@@QAEXXZ 10014de0 f   animating.obj
 0001:00013fa0       ?ExtractBbox@@YAHPAXHPAM1@Z 10014fa0 f   animation.obj
 0001:00014000       ?LookupActivity@@YAHPAXPAUentvars_s@@H@Z 10015000 f   animation.obj
 0001:00014080       ?LookupActivityHeaviest@@YAHPAXPAUentvars_s@@H@Z 10015080 f   animation.obj
 0001:000140d0       ?GetEyePosition@@YAXPAXPAM@Z 100150d0 f   animation.obj
 0001:00014100       ?LookupSequence@@YAHPAXPBD@Z 10015100 f   animation.obj
 0001:00014160       ?IsSoundEvent@@YAHH@Z      10015160 f   animation.obj
 0001:00014180       ?SequencePrecache@@YAXPAXPBD@Z 10015180 f   animation.obj
 0001:00014260       ?GetSequenceInfo@@YAXPAXPAUentvars_s@@PAM2@Z 10015260 f   animation.obj
 0001:00014320       ?GetSequenceFlags@@YAHPAXPAUentvars_s@@@Z 10015320 f   animation.obj
 0001:00014360       ?GetAnimationEvent@@YAHPAXPAUentvars_s@@PAUMonsterEvent_t@@MMH@Z 10015360 f   animation.obj
 0001:000144b0       ?SetController@@YAMPAXPAUentvars_s@@HM@Z 100154b0 f   animation.obj
 0001:00014620       ?SetBlending@@YAMPAXPAUentvars_s@@HM@Z 10015620 f   animation.obj
 0001:00014760       ?FindTransition@@YAHPAXHHPAH@Z 10015760 f   animation.obj
 0001:00014870       ?SetBodygroup@@YAXPAXPAUentvars_s@@HH@Z 10015870 f   animation.obj
 0001:000148d0       ?GetBodygroup@@YAHPAXPAUentvars_s@@H@Z 100158d0 f   animation.obj
 0001:00014930       ?Save@CApache@@EAEHAAVCSave@@@Z 10015930 f   apache.obj
 0001:00014960       ?Restore@CApache@@EAEHAAVCRestore@@@Z 10015960 f   apache.obj
 0001:00014990       ?Spawn@CApache@@EAEXXZ     10015990 f   apache.obj
 0001:00014af0       ?Precache@CApache@@EAEXXZ  10015af0 f   apache.obj
 0001:00014b90       ?NullThink@CApache@@AAEXXZ 10015b90 f   apache.obj
 0001:00014bc0       ?StartupUse@CApache@@AAEXPAVCBaseEntity@@0W4USE_TYPE@@M@Z 10015bc0 f   apache.obj
 0001:00014bf0       ?Killed@CApache@@EAEXPAUentvars_s@@H@Z 10015bf0 f   apache.obj
 0001:00014d00       ?DyingThink@CApache@@AAEXXZ 10015d00 f   apache.obj
 0001:00015500       ?FlyTouch@CApache@@AAEXPAVCBaseEntity@@@Z 10016500 f   apache.obj
 0001:000155e0       ?CrashTouch@CApache@@AAEXPAVCBaseEntity@@@Z 100165e0 f   apache.obj
 0001:00015620       ?GibMonster@CApache@@EAEXXZ 10016620 f   apache.obj
 0001:00015630       ?HuntThink@CApache@@AAEXXZ 10016630 f   apache.obj
 0001:00016150       ?Flight@CApache@@AAEXXZ    10017150 f   apache.obj
 0001:00016a30       ?FireRocket@CApache@@AAEXXZ 10017a30 f   apache.obj
 0001:00016f20       ?FireGun@CApache@@AAEHXZ   10017f20 f   apache.obj
 0001:00017390       ?ShowDamage@CApache@@AAEXXZ 10018390 f   apache.obj
 0001:00017460       ?TakeDamage@CApache@@EAEHPAUentvars_s@@0MH@Z 10018460 f   apache.obj
 0001:000174b0       ?TraceAttack@CApache@@EAEXPAUentvars_s@@MVVector@@PAUTraceResult@@H@Z 100184b0 f   apache.obj
 0001:00017540       ?Save@CApacheHVR@@EAEHAAVCSave@@@Z 10018540 f   apache.obj
 0001:00017570       ?Restore@CApacheHVR@@EAEHAAVCRestore@@@Z 10018570 f   apache.obj
 0001:000175a0       ?Spawn@CApacheHVR@@EAEXXZ  100185a0 f   apache.obj
 0001:000176a0       ?Precache@CApacheHVR@@EAEXXZ 100186a0 f   apache.obj
 0001:000176d0       ?IgniteThink@CApacheHVR@@AAEXXZ 100186d0 f   apache.obj
 0001:000177b0       ?AccelerateThink@CApacheHVR@@AAEXXZ 100187b0 f   apache.obj
 0001:00017930       ?Save@CBarnacle@@UAEHAAVCSave@@@Z 10018930 f   barnacle.obj
 0001:00017960       ?Restore@CBarnacle@@UAEHAAVCRestore@@@Z 10018960 f   barnacle.obj
 0001:00017990       ?Classify@CBarnacle@@UAEHXZ 10018990 f   barnacle.obj
 0001:000179a0       ?HandleAnimEvent@CBarnacle@@UAEXPAUMonsterEvent_t@@@Z 100189a0 f   barnacle.obj
 0001:000179d0       ?Spawn@CBarnacle@@UAEXXZ   100189d0 f   barnacle.obj
 0001:00017b00       ?TakeDamage@CBarnacle@@UAEHPAUentvars_s@@0MH@Z 10018b00 f   barnacle.obj
 0001:00017b30       ?BarnacleThink@CBarnacle@@QAEXXZ 10018b30 f   barnacle.obj
 0001:00018100       ?Killed@CBarnacle@@UAEXPAUentvars_s@@H@Z 10019100 f   barnacle.obj
 0001:00018200       ?WaitTillDead@CBarnacle@@QAEXXZ 10019200 f   barnacle.obj
 0001:00018250       ?Precache@CBarnacle@@UAEXXZ 10019250 f   barnacle.obj
 0001:000182b0       ?TongueTouchEnt@CBarnacle@@QAEPAVCBaseEntity@@PAM@Z 100192b0 f   barnacle.obj
 0001:00018420       _monster_barney            10019420 f   barney.obj
 0001:00018470       ?ObjectCaps@CBarney@@UAEHXZ 10019470 f i barney.obj
 0001:00018480       ?Save@CBarney@@UAEHAAVCSave@@@Z 10019480 f   barney.obj
 0001:000184b0       ?Restore@CBarney@@UAEHAAVCRestore@@@Z 100194b0 f   barney.obj
 0001:000184e0       ?ScheduleFromName@CBarney@@UAEPAUSchedule_t@@PBD@Z 100194e0 f   barney.obj
 0001:00018510       ?StartTask@CBarney@@UAEXPAUTask_t@@@Z 10019510 f   barney.obj
 0001:00018520       ?RunTask@CBarney@@UAEXPAUTask_t@@@Z 10019520 f   barney.obj
 0001:00018580       ?ISoundMask@CBarney@@UAEHXZ 10019580 f   barney.obj
 0001:00018590       ?Classify@CBarney@@UAEHXZ  10019590 f   barney.obj
 0001:000185b0       ?AlertSound@CBarney@@UAEXXZ 100195b0 f   barney.obj
 0001:00018610       ?SetYawSpeed@CBarney@@UAEXXZ 10019610 f   barney.obj
 0001:00018650       ?CheckRangeAttack1@CBarney@@UAEHMM@Z 10019650 f   barney.obj
 0001:000187e0       ?BarneyFirePistol@CBarney@@QAEXXZ 100197e0 f   barney.obj
 0001:000189d0       ?HandleAnimEvent@CBarney@@UAEXPAUMonsterEvent_t@@@Z 100199d0 f   barney.obj
 0001:00018a20       ?Spawn@CBarney@@UAEXXZ     10019a20 f   barney.obj
 0001:00018b50       ?Precache@CBarney@@UAEXXZ  10019b50 f   barney.obj
 0001:00018bd0       ?TalkInit@CBarney@@QAEXXZ  10019bd0 f   barney.obj
 0001:00018ca0       ?TakeDamage@CBarney@@UAEHPAUentvars_s@@0MH@Z 10019ca0 f   barney.obj
 0001:00018f10       ?PainSound@CBarney@@UAEXXZ 10019f10 f   barney.obj
 0001:00019000       ?DeathSound@CBarney@@UAEXXZ 1001a000 f   barney.obj
 0001:000190b0       ?TraceAttack@CBarney@@UAEXPAUentvars_s@@MVVector@@PAUTraceResult@@H@Z 1001a0b0 f   barney.obj
 0001:00019150       ?Killed@CBarney@@UAEXPAUentvars_s@@H@Z 1001a150 f   barney.obj
 0001:000191c0       ?GetScheduleOfType@CBarney@@UAEPAUSchedule_t@@H@Z 1001a1c0 f   barney.obj
 0001:00019280       ?GetSchedule@CBarney@@UAEPAUSchedule_t@@XZ 1001a280 f   barney.obj
 0001:00019430       ?GetIdealState@CBarney@@UAE?AW4MONSTERSTATE@@XZ 1001a430 f   barney.obj
 0001:00019440       ?DeclineFollowing@CBarney@@UAEXXZ 1001a440 f   barney.obj
 0001:00019460       ?KeyValue@CDeadBarney@@UAEXPAUKeyValueData_s@@@Z 1001a460 f   barney.obj
 0001:000194e0       ?Spawn@CDeadBarney@@UAEXXZ 1001a4e0 f   barney.obj
 0001:00019590       _info_bigmomma             1001a590 f   bigmomma.obj
 0001:000195e0       ?Save@CInfoBM@@UAEHAAVCSave@@@Z 1001a5e0 f   bigmomma.obj
 0001:00019610       ?Restore@CInfoBM@@UAEHAAVCRestore@@@Z 1001a610 f   bigmomma.obj
 0001:00019640       ?Spawn@CInfoBM@@UAEXXZ     1001a640 f   bigmomma.obj
 0001:00019650       ?KeyValue@CInfoBM@@UAEXPAUKeyValueData_s@@@Z 1001a650 f   bigmomma.obj
 0001:00019820       ?Save@CBMortar@@UAEHAAVCSave@@@Z 1001a820 f   bigmomma.obj
 0001:00019850       ?Restore@CBMortar@@UAEHAAVCRestore@@@Z 1001a850 f   bigmomma.obj
 0001:00019880       _monster_bigmomma          1001a880 f   bigmomma.obj
 0001:000198d0       ?OverrideReset@CBigMomma@@UAEXXZ 1001a8d0 f i bigmomma.obj
 0001:000198e0       ?SetObjectCollisionBox@CBigMomma@@UAEXXZ 1001a8e0 f i bigmomma.obj
 0001:00019990       ?Save@CBigMomma@@UAEHAAVCSave@@@Z 1001a990 f   bigmomma.obj
 0001:000199c0       ?Restore@CBigMomma@@UAEHAAVCRestore@@@Z 1001a9c0 f   bigmomma.obj
 0001:000199f0       ?KeyValue@CBigMomma@@UAEXPAUKeyValueData_s@@@Z 1001a9f0 f   bigmomma.obj
 0001:00019a00       ?Classify@CBigMomma@@UAEHXZ 1001aa00 f   bigmomma.obj
 0001:00019a20       ?SetYawSpeed@CBigMomma@@UAEXXZ 1001aa20 f   bigmomma.obj
 0001:00019a50       ?HandleAnimEvent@CBigMomma@@UAEXPAUMonsterEvent_t@@@Z 1001aa50 f   bigmomma.obj
 0001:0001a5a0       ?TraceAttack@CBigMomma@@UAEXPAUentvars_s@@MVVector@@PAUTraceResult@@H@Z 1001b5a0 f   bigmomma.obj
 0001:0001a6c0       ?TakeDamage@CBigMomma@@UAEHPAUentvars_s@@0MH@Z 1001b6c0 f   bigmomma.obj
 0001:0001a740       ?LayHeadcrab@CBigMomma@@QAEXXZ 1001b740 f   bigmomma.obj
 0001:0001a8a0       ?DeathNotice@CBigMomma@@UAEXPAUentvars_s@@@Z 1001b8a0 f   bigmomma.obj
 0001:0001a910       ?LaunchMortar@CBigMomma@@QAEXXZ 1001b910 f   bigmomma.obj
 0001:0001aa10       ?Spawn@CBigMomma@@UAEXXZ   1001ba10 f   bigmomma.obj
 0001:0001ab30       ?Precache@CBigMomma@@UAEXXZ 1001bb30 f   bigmomma.obj
 0001:0001ac90       ?Activate@CBigMomma@@UAEXXZ 1001bc90 f   bigmomma.obj
 0001:0001acb0       ?NodeStart@CBigMomma@@QAEXH@Z 1001bcb0 f   bigmomma.obj
 0001:0001ad50       ?NodeReach@CBigMomma@@QAEXXZ 1001bd50 f   bigmomma.obj
 0001:0001ae40       ?CheckMeleeAttack1@CBigMomma@@UAEHMM@Z 1001be40 f   bigmomma.obj
 0001:0001ae70       ?CheckMeleeAttack2@CBigMomma@@UAEHMM@Z 1001be70 f   bigmomma.obj
 0001:0001af50       ?CheckRangeAttack1@CBigMomma@@UAEHMM@Z 1001bf50 f   bigmomma.obj
 0001:0001b070       ?ScheduleFromName@CBigMomma@@UAEPAUSchedule_t@@PBD@Z 1001c070 f   bigmomma.obj
 0001:0001b0a0       ?GetScheduleOfType@CBigMomma@@UAEPAUSchedule_t@@H@Z 1001c0a0 f   bigmomma.obj
 0001:0001b0d0       ?ShouldGoToNode@CBigMomma@@QAEHXZ 1001c0d0 f   bigmomma.obj
 0001:0001b100       ?GetSchedule@CBigMomma@@UAEPAUSchedule_t@@XZ 1001c100 f   bigmomma.obj
 0001:0001b130       ?StartTask@CBigMomma@@UAEXPAUTask_t@@@Z 1001c130 f   bigmomma.obj
 0001:0001b610       ?edict@CBaseEntity@@QAEPAUedict_s@@XZ 1001c610 f i bigmomma.obj
 0001:0001b620       ?RunTask@CBigMomma@@UAEXPAUTask_t@@@Z 1001c620 f   bigmomma.obj
 0001:0001b7c0       ?ObjectCaps@CPointEntity@@UAEHXZ 1001c7c0 f i bigmomma.obj
 0001:0001b7d0       ?VecCheckSplatToss@@YA?AVVector@@PAUentvars_s@@ABV1@V1@M@Z 1001c7d0 f   bigmomma.obj
 0001:0001ba20       ?MortarSpray@@YAXABVVector@@0HH@Z 1001ca20 f   bigmomma.obj
 0001:0001bab0       ?Spawn@CBMortar@@UAEXXZ    1001cab0 f   bigmomma.obj
 0001:0001bbc0       ?Animate@CBMortar@@QAEXXZ  1001cbc0 f   bigmomma.obj
 0001:0001bd10       ?Shoot@CBMortar@@SAPAV1@PAUedict_s@@VVector@@1@Z 1001cd10 f   bigmomma.obj
 0001:0001bdd0       ?Touch@CBMortar@@UAEXPAVCBaseEntity@@@Z 1001cdd0 f   bigmomma.obj
 0001:0001c080       _monster_bloater           1001d080 f   bloater.obj
 0001:0001c0d0       ?CheckRangeAttack1@CBloater@@UAEHMM@Z 1001d0d0 f i bloater.obj
 0001:0001c0e0       ?CheckRangeAttack2@CBloater@@UAEHMM@Z 1001d0e0 f i bloater.obj
 0001:0001c0f0       ?Classify@CBloater@@UAEHXZ 1001d0f0 f   bloater.obj
 0001:0001c100       ?SetYawSpeed@CBloater@@UAEXXZ 1001d100 f   bloater.obj
 0001:0001c110       ?TakeDamage@CBloater@@UAEHPAUentvars_s@@0MH@Z 1001d110 f   bloater.obj
 0001:0001c140       ?PainSound@CBloater@@UAEXXZ 1001d140 f   bloater.obj
 0001:0001c150       ?AlertSound@CBloater@@UAEXXZ 1001d150 f   bloater.obj
 0001:0001c160       ?IdleSound@CBloater@@UAEXXZ 1001d160 f   bloater.obj
 0001:0001c170       ?AttackSnd@CBloater@@QAEXXZ 1001d170 f   bloater.obj
 0001:0001c180       ?HandleAnimEvent@CBloater@@UAEXPAUMonsterEvent_t@@@Z 1001d180 f   bloater.obj
 0001:0001c1a0       ?Spawn@CBloater@@UAEXXZ    1001d1a0 f   bloater.obj
 0001:0001c2a0       ?Precache@CBloater@@UAEXXZ 1001d2a0 f   bloater.obj
 0001:0001c2b0       ?VecBModelOrigin@@YA?AVVector@@PAUentvars_s@@@Z 1001d2b0 f   bmodels.obj
 0001:0001c320       _func_wall                 1001d320 f   bmodels.obj
 0001:0001c370       ?ObjectCaps@CFuncWall@@UAEHXZ 1001d370 f i bmodels.obj
 0001:0001c380       ?Spawn@CFuncWall@@UAEXXZ   1001d380 f   bmodels.obj
 0001:0001c400       ?Use@CFuncWall@@UAEXPAVCBaseEntity@@0W4USE_TYPE@@M@Z 1001d400 f   bmodels.obj
 0001:0001c440       _func_wall_toggle          1001d440 f   bmodels.obj
 0001:0001c490       ?Spawn@CFuncWallToggle@@UAEXXZ 1001d490 f   bmodels.obj
 0001:0001c4b0       ?TurnOff@CFuncWallToggle@@QAEXXZ 1001d4b0 f   bmodels.obj
 0001:0001c4e0       ?TurnOn@CFuncWallToggle@@QAEXXZ 1001d4e0 f   bmodels.obj
 0001:0001c510       ?IsOn@CFuncWallToggle@@QAEHXZ 1001d510 f   bmodels.obj
 0001:0001c530       ?Use@CFuncWallToggle@@UAEXPAVCBaseEntity@@0W4USE_TYPE@@M@Z 1001d530 f   bmodels.obj
 0001:0001c570       _func_conveyor             1001d570 f   bmodels.obj
 0001:0001c5c0       ?Spawn@CFuncConveyor@@UAEXXZ 1001d5c0 f   bmodels.obj
 0001:0001c640       ?UpdateSpeed@CFuncConveyor@@QAEXM@Z 1001d640 f   bmodels.obj
 0001:0001c6c0       ?Use@CFuncConveyor@@UAEXPAVCBaseEntity@@0W4USE_TYPE@@M@Z 1001d6c0 f   bmodels.obj
 0001:0001c6f0       _func_illusionary          1001d6f0 f   bmodels.obj
 0001:0001c740       ?ObjectCaps@CFuncIllusionary@@UAEHXZ 1001d740 f i bmodels.obj
 0001:0001c750       ?KeyValue@CFuncIllusionary@@UAEXPAUKeyValueData_s@@@Z 1001d750 f   bmodels.obj
 0001:0001c7d0       ?Spawn@CFuncIllusionary@@UAEXXZ 1001d7d0 f   bmodels.obj
 0001:0001c830       _func_monsterclip          1001d830 f   bmodels.obj
 0001:0001c880       ?Use@CFuncMonsterClip@@UAEXPAVCBaseEntity@@0W4USE_TYPE@@M@Z 1001d880 f i bmodels.obj
 0001:0001c890       ?Spawn@CFuncMonsterClip@@UAEXXZ 1001d890 f   bmodels.obj
 0001:0001c8d0       ?Save@CFuncRotating@@UAEHAAVCSave@@@Z 1001d8d0 f   bmodels.obj
 0001:0001c900       ?Restore@CFuncRotating@@UAEHAAVCRestore@@@Z 1001d900 f   bmodels.obj
 0001:0001c930       _func_rotating             1001d930 f   bmodels.obj
 0001:0001c980       ?ObjectCaps@CFuncRotating@@UAEHXZ 1001d980 f i bmodels.obj
 0001:0001c990       ?KeyValue@CFuncRotating@@UAEXPAUKeyValueData_s@@@Z 1001d990 f   bmodels.obj
 0001:0001cba0       ?Spawn@CFuncRotating@@UAEXXZ 1001dba0 f   bmodels.obj
 0001:0001cde0       ?Precache@CFuncRotating@@UAEXXZ 1001dde0 f   bmodels.obj
 0001:0001cf70       ?HurtTouch@CFuncRotating@@QAEXPAVCBaseEntity@@@Z 1001df70 f   bmodels.obj
 0001:0001d0d0       ?RampPitchVol@CFuncRotating@@QAEXH@Z 1001e0d0 f   bmodels.obj
 0001:0001d1d0       ?SpinUp@CFuncRotating@@QAEXXZ 1001e1d0 f   bmodels.obj
 0001:0001d390       ?SpinDown@CFuncRotating@@QAEXXZ 1001e390 f   bmodels.obj
 0001:0001d560       ?Rotate@CFuncRotating@@QAEXXZ 1001e560 f   bmodels.obj
 0001:0001d580       ?RotatingUse@CFuncRotating@@QAEXPAVCBaseEntity@@0W4USE_TYPE@@M@Z 1001e580 f   bmodels.obj
 0001:0001d700       ?Blocked@CFuncRotating@@UAEXPAVCBaseEntity@@@Z 1001e700 f   bmodels.obj
 0001:0001d720       _func_pendulum             1001e720 f   bmodels.obj
 0001:0001d770       ?ObjectCaps@CPendulum@@UAEHXZ 1001e770 f i bmodels.obj
 0001:0001d780       ?Save@CPendulum@@UAEHAAVCSave@@@Z 1001e780 f   bmodels.obj
 0001:0001d7b0       ?Restore@CPendulum@@UAEHAAVCRestore@@@Z 1001e7b0 f   bmodels.obj
 0001:0001d7e0       ?KeyValue@CPendulum@@UAEXPAUKeyValueData_s@@@Z 1001e7e0 f   bmodels.obj
 0001:0001d8b0       ?Spawn@CPendulum@@UAEXXZ   1001e8b0 f   bmodels.obj
 0001:0001da50       ?PendulumUse@CPendulum@@QAEXPAVCBaseEntity@@0W4USE_TYPE@@M@Z 1001ea50 f   bmodels.obj
 0001:0001db60       ?Stop@CPendulum@@QAEXXZ    1001eb60 f   bmodels.obj
 0001:0001dbb0       ?Blocked@CPendulum@@UAEXPAVCBaseEntity@@@Z 1001ebb0 f   bmodels.obj
 0001:0001dbc0       ?Swing@CPendulum@@QAEXXZ   1001ebc0 f   bmodels.obj
 0001:0001dd90       ?Touch@CPendulum@@UAEXPAVCBaseEntity@@@Z 1001ed90 f   bmodels.obj
 0001:0001def0       ?RopeTouch@CPendulum@@QAEXPAVCBaseEntity@@@Z 1001eef0 f   bmodels.obj
 0001:0001df70       _squidspit                 1001ef70 f   bullsquid.obj
 0001:0001dfc0       ?Save@CSquidSpit@@UAEHAAVCSave@@@Z 1001efc0 f   bullsquid.obj
 0001:0001dff0       ?Restore@CSquidSpit@@UAEHAAVCRestore@@@Z 1001eff0 f   bullsquid.obj
 0001:0001e020       ?Spawn@CSquidSpit@@UAEXXZ  1001f020 f   bullsquid.obj
 0001:0001e120       ?Animate@CSquidSpit@@QAEXXZ 1001f120 f   bullsquid.obj
 0001:0001e180       ?Shoot@CSquidSpit@@SAXPAUentvars_s@@VVector@@1@Z 1001f180 f   bullsquid.obj
 0001:0001e230       ?Touch@CSquidSpit@@UAEXPAVCBaseEntity@@@Z 1001f230 f   bullsquid.obj
 0001:0001e430       _monster_bullchicken       1001f430 f   bullsquid.obj
 0001:0001e480       ?Save@CBullsquid@@UAEHAAVCSave@@@Z 1001f480 f   bullsquid.obj
 0001:0001e4b0       ?Restore@CBullsquid@@UAEHAAVCRestore@@@Z 1001f4b0 f   bullsquid.obj
 0001:0001e4e0       ?IgnoreConditions@CBullsquid@@UAEHXZ 1001f4e0 f   bullsquid.obj
 0001:0001e580       ?IRelationship@CBullsquid@@UAEHPAVCBaseEntity@@@Z 1001f580 f   bullsquid.obj
 0001:0001e600       ?TakeDamage@CBullsquid@@UAEHPAUentvars_s@@0MH@Z 1001f600 f   bullsquid.obj
 0001:0001e7a0       ?CheckRangeAttack1@CBullsquid@@UAEHMM@Z 1001f7a0 f   bullsquid.obj
 0001:0001e8a0       ?CheckMeleeAttack1@CBullsquid@@UAEHMM@Z 1001f8a0 f   bullsquid.obj
 0001:0001e8f0       ?CheckMeleeAttack2@CBullsquid@@UAEHMM@Z 1001f8f0 f   bullsquid.obj
 0001:0001e930       ?FValidateHintType@CBullsquid@@UAEHF@Z 1001f930 f   bullsquid.obj
 0001:0001e970       ?ISoundMask@CBullsquid@@UAEHXZ 1001f970 f   bullsquid.obj
 0001:0001e980       ?Classify@CBullsquid@@UAEHXZ 1001f980 f   bullsquid.obj
 0001:0001e9a0       ?IdleSound@CBullsquid@@UAEXXZ 1001f9a0 f   bullsquid.obj
 0001:0001ea90       ?PainSound@CBullsquid@@UAEXXZ 1001fa90 f   bullsquid.obj
 0001:0001eb60       ?AlertSound@CBullsquid@@UAEXXZ 1001fb60 f   bullsquid.obj
 0001:0001ebe0       ?SetYawSpeed@CBullsquid@@UAEXXZ 1001fbe0 f   bullsquid.obj
 0001:0001ec10       ?HandleAnimEvent@CBullsquid@@UAEXPAUMonsterEvent_t@@@Z 1001fc10 f   bullsquid.obj
 0001:0001f5b0       ?Spawn@CBullsquid@@UAEXXZ  100205b0 f   bullsquid.obj
 0001:0001f6c0       ?Precache@CBullsquid@@UAEXXZ 100206c0 f   bullsquid.obj
 0001:0001f7f0       ?DeathSound@CBullsquid@@UAEXXZ 100207f0 f   bullsquid.obj
 0001:0001f890       ?AttackSound@CBullsquid@@QAEXXZ 10020890 f   bullsquid.obj
 0001:0001f900       ?RunAI@CBullsquid@@UAEXXZ  10020900 f   bullsquid.obj
 0001:0001f9a0       ?ScheduleFromName@CBullsquid@@UAEPAUSchedule_t@@PBD@Z 100209a0 f   bullsquid.obj
 0001:0001f9d0       ?GetSchedule@CBullsquid@@UAEPAUSchedule_t@@XZ 100209d0 f   bullsquid.obj
 0001:0001fb80       ?GetScheduleOfType@CBullsquid@@UAEPAUSchedule_t@@H@Z 10020b80 f   bullsquid.obj
 0001:0001fc30       ?StartTask@CBullsquid@@UAEXPAUTask_t@@@Z 10020c30 f   bullsquid.obj
 0001:0001fd90       ?RunTask@CBullsquid@@UAEXPAUTask_t@@@Z 10020d90 f   bullsquid.obj
 0001:0001fe10       ?GetIdealState@CBullsquid@@UAE?AW4MONSTERSTATE@@XZ 10020e10 f   bullsquid.obj
 0001:0001fec0       ?Save@CEnvGlobal@@UAEHAAVCSave@@@Z 10020ec0 f   buttons.obj
 0001:0001fef0       ?Restore@CEnvGlobal@@UAEHAAVCRestore@@@Z 10020ef0 f   buttons.obj
 0001:0001ff20       _env_global                10020f20 f   buttons.obj
 0001:0001ff70       ?KeyValue@CEnvGlobal@@UAEXPAUKeyValueData_s@@@Z 10020f70 f   buttons.obj
 0001:00020080       ?Spawn@CEnvGlobal@@UAEXXZ  10021080 f   buttons.obj
 0001:000200e0       ?Use@CEnvGlobal@@UAEXPAVCBaseEntity@@0W4USE_TYPE@@M@Z 100210e0 f   buttons.obj
 0001:00020160       ?Save@CMultiSource@@UAEHAAVCSave@@@Z 10021160 f   buttons.obj
 0001:00020190       ?Restore@CMultiSource@@UAEHAAVCRestore@@@Z 10021190 f   buttons.obj
 0001:000201c0       _multisource               100211c0 f   buttons.obj
 0001:00020210       ?KeyValue@CMultiSource@@UAEXPAUKeyValueData_s@@@Z 10021210 f   buttons.obj
 0001:000203d0       ?Spawn@CMultiSource@@UAEXXZ 100213d0 f   buttons.obj
 0001:00020420       ?Use@CMultiSource@@UAEXPAVCBaseEntity@@0W4USE_TYPE@@M@Z 10021420 f   buttons.obj
 0001:00020500       ?IsTriggered@CMultiSource@@UAEHPAVCBaseEntity@@@Z 10021500 f   buttons.obj
 0001:00020560       ?Register@CMultiSource@@QAEXXZ 10021560 f   buttons.obj
 0001:00020690       ?Save@CBaseButton@@UAEHAAVCSave@@@Z 10021690 f   buttons.obj
 0001:000206c0       ?Restore@CBaseButton@@UAEHAAVCRestore@@@Z 100216c0 f   buttons.obj
 0001:000206f0       ?Precache@CBaseButton@@UAEXXZ 100216f0 f   buttons.obj
 0001:000209b0       ?KeyValue@CBaseButton@@UAEXPAUKeyValueData_s@@@Z 100219b0 f   buttons.obj
 0001:00020be0       ?TakeDamage@CBaseButton@@UAEHPAUentvars_s@@0MH@Z 10021be0 f   buttons.obj
 0001:00020cb0       _func_button               10021cb0 f   buttons.obj
 0001:00020d00       ?Spawn@CBaseButton@@UAEXXZ 10021d00 f   buttons.obj
 0001:00020f80       ?ButtonSound@@YAPADH@Z     10021f80 f   buttons.obj
 0001:00021070       ?DoSpark@@YAXPAUentvars_s@@ABVVector@@@Z 10022070 f   buttons.obj
 0001:00021250       ?ButtonSpark@CBaseButton@@QAEXXZ 10022250 f   buttons.obj
 0001:000212a0       ?ButtonUse@CBaseButton@@QAEXPAVCBaseEntity@@0W4USE_TYPE@@M@Z 100222a0 f   buttons.obj
 0001:00021330       ?ButtonResponseToTouch@CBaseButton@@QAE?AW4BUTTON_CODE@1@XZ 10022330 f   buttons.obj
 0001:00021390       ?ButtonTouch@CBaseButton@@QAEXPAVCBaseEntity@@@Z 10022390 f   buttons.obj
 0001:000214b0       ?ButtonActivate@CBaseButton@@QAEXXZ 100224b0 f   buttons.obj
 0001:000215a0       ?TriggerAndWait@CBaseButton@@QAEXXZ 100225a0 f   buttons.obj
 0001:00021640       ?ButtonReturn@CBaseButton@@QAEXXZ 10022640 f   buttons.obj
 0001:000216c0       ?ButtonBackHome@CBaseButton@@QAEXXZ 100226c0 f   buttons.obj
 0001:00021810       _func_rot_button           10022810 f   buttons.obj
 0001:00021860       ?Spawn@CRotButton@@UAEXXZ  10022860 f   buttons.obj
 0001:00021a80       ?Save@CMomentaryRotButton@@UAEHAAVCSave@@@Z 10022a80 f   buttons.obj
 0001:00021ab0       ?Restore@CMomentaryRotButton@@UAEHAAVCRestore@@@Z 10022ab0 f   buttons.obj
 0001:00021ae0       _momentary_rot_button      10022ae0 f   buttons.obj
 0001:00021b30       ?ObjectCaps@CMomentaryRotButton@@UAEHXZ 10022b30 f i buttons.obj
 0001:00021b50       ?Spawn@CMomentaryRotButton@@UAEXXZ 10022b50 f   buttons.obj
 0001:00021d50       ?ObjectCaps@CMultiSource@@UAEHXZ 10022d50 f i buttons.obj
 0001:00021d60       ?KeyValue@CMomentaryRotButton@@UAEXPAUKeyValueData_s@@@Z 10022d60 f   buttons.obj
 0001:00021e30       ?PlaySound@CMomentaryRotButton@@QAEXXZ 10022e30 f   buttons.obj
 0001:00021e70       ?Use@CMomentaryRotButton@@UAEXPAVCBaseEntity@@0W4USE_TYPE@@M@Z 10022e70 f   buttons.obj
 0001:00021ed0       ?UpdateAllButtons@CMomentaryRotButton@@QAEXMH@Z 10022ed0 f   buttons.obj
 0001:00021f90       ?UpdateSelf@CMomentaryRotButton@@QAEXM@Z 10022f90 f   buttons.obj
 0001:00022110       ?UpdateTarget@CMomentaryRotButton@@QAEXM@Z 10023110 f   buttons.obj
 0001:00022180       ?Off@CMomentaryRotButton@@QAEXXZ 10023180 f   buttons.obj
 0001:00022200       ?ObjectCaps@CBaseButton@@UAEHXZ 10023200 f i buttons.obj
 0001:00022220       ?Return@CMomentaryRotButton@@QAEXXZ 10023220 f   buttons.obj
 0001:00022280       ?UpdateSelfReturn@CMomentaryRotButton@@QAEXM@Z 10023280 f   buttons.obj
 0001:00022360       ?Save@CEnvSpark@@UAEHAAVCSave@@@Z 10023360 f   buttons.obj
 0001:00022390       ?Restore@CEnvSpark@@UAEHAAVCRestore@@@Z 10023390 f   buttons.obj
 0001:000223c0       _env_spark                 100233c0 f   buttons.obj
 0001:00022410       _env_debris                10023410 f   buttons.obj
 0001:00022460       ?Spawn@CEnvSpark@@UAEXXZ   10023460 f   buttons.obj
 0001:000224f0       ?Precache@CEnvSpark@@UAEXXZ 100234f0 f   buttons.obj
 0001:00022540       ?KeyValue@CEnvSpark@@UAEXPAUKeyValueData_s@@@Z 10023540 f   buttons.obj
 0001:00022700       ?SparkThink@CEnvSpark@@QAEXXZ 10023700 f   buttons.obj
 0001:00022740       ?SparkStart@CEnvSpark@@QAEXPAVCBaseEntity@@0W4USE_TYPE@@M@Z 10023740 f   buttons.obj
 0001:00022780       ?SparkStop@CEnvSpark@@QAEXPAVCBaseEntity@@0W4USE_TYPE@@M@Z 10023780 f   buttons.obj
 0001:000227a0       _button_target             100237a0 f   buttons.obj
 0001:000227f0       ?Spawn@CButtonTarget@@UAEXXZ 100237f0 f   buttons.obj
 0001:00022860       ?Use@CButtonTarget@@UAEXPAVCBaseEntity@@0W4USE_TYPE@@M@Z 10023860 f   buttons.obj
 0001:000228e0       ?ObjectCaps@CButtonTarget@@UAEHXZ 100238e0 f   buttons.obj
 0001:00022900       ?TakeDamage@CButtonTarget@@UAEHPAUentvars_s@@0MH@Z 10023900 f   buttons.obj
 0001:00022940       _GetEntityAPI              10023940 f   cbase.obj
 0001:00022970       _GetEntityAPI2             10023970 f   cbase.obj
 0001:000229b0       ?DispatchSpawn@@YAHPAUedict_s@@@Z 100239b0 f   cbase.obj
 0001:00022b60       ?DispatchKeyValue@@YAXPAUedict_s@@PAUKeyValueData_s@@@Z 10023b60 f   cbase.obj
 0001:00022ba0       ?DispatchTouch@@YAXPAUedict_s@@0@Z 10023ba0 f   cbase.obj
 0001:00022c00       ?DispatchUse@@YAXPAUedict_s@@0@Z 10023c00 f   cbase.obj
 0001:00022c40       ?DispatchThink@@YAXPAUedict_s@@@Z 10023c40 f   cbase.obj
 0001:00022c90       ?DispatchBlocked@@YAXPAUedict_s@@0@Z 10023c90 f   cbase.obj
 0001:00022cc0       ?DispatchSave@@YAXPAUedict_s@@PAUsaverestore_s@@@Z 10023cc0 f   cbase.obj
 0001:00022d90       ?FindGlobalEntity@@YAPAVCBaseEntity@@HH@Z 10023d90 f   cbase.obj
 0001:00022e40       ?DispatchRestore@@YAHPAUedict_s@@PAUsaverestore_s@@H@Z 10023e40 f   cbase.obj
 0001:00023190       ?DispatchObjectCollsionBox@@YAXPAUedict_s@@@Z 10024190 f   cbase.obj
 0001:000231c0       ?SaveWriteFields@@YAXPAUsaverestore_s@@PBDPAXPAUTYPEDESCRIPTION@@H@Z 100241c0 f   cbase.obj
 0001:00023200       ?SaveReadFields@@YAXPAUsaverestore_s@@PBDPAXPAUTYPEDESCRIPTION@@H@Z 10024200 f   cbase.obj
 0001:00023250       ?Get@EHANDLE@@QAEPAUedict_s@@XZ 10024250 f   cbase.obj
 0001:00023270       ?Set@EHANDLE@@QAEPAUedict_s@@PAU2@@Z 10024270 f   cbase.obj
 0001:00023290       ??BEHANDLE@@QAEPAVCBaseEntity@@XZ 10024290 f   cbase.obj
 0001:000232a0       ??4EHANDLE@@QAEPAVCBaseEntity@@PAV1@@Z 100242a0 f   cbase.obj
 0001:000232d0       ??BEHANDLE@@QAEHXZ         100242d0 f   cbase.obj
 0001:000232e0       ??CEHANDLE@@QAEPAVCBaseEntity@@XZ 100242e0 f   cbase.obj
 0001:000232f0       ?TakeHealth@CBaseEntity@@UAEHMH@Z 100242f0 f   cbase.obj
 0001:00023360       ?TakeDamage@CBaseEntity@@UAEHPAUentvars_s@@0MH@Z 10024360 f   cbase.obj
 0001:00023710       ?Killed@CBaseEntity@@UAEXPAUentvars_s@@H@Z 10024710 f   cbase.obj
 0001:00023740       ?GetNextTarget@CBaseEntity@@UAEPAV1@XZ 10024740 f   cbase.obj
 0001:00023790       ?Save@CBaseEntity@@UAEHAAVCSave@@@Z 10024790 f   cbase.obj
 0001:000237d0       ?Restore@CBaseEntity@@UAEHAAVCRestore@@@Z 100247d0 f   cbase.obj
 0001:00023a90       ?SetObjectCollisionBox@CBaseEntity@@UAEXXZ 10024a90 f   cbase.obj
 0001:00023aa0       ?Intersects@CBaseEntity@@QAEHPAV1@@Z 10024aa0 f   cbase.obj
 0001:00023b30       ?MakeDormant@CBaseEntity@@QAEXXZ 10024b30 f   cbase.obj
 0001:00023b90       ?IsDormant@CBaseEntity@@QAEHXZ 10024b90 f   cbase.obj
 0001:00023ba0       ?IsInWorld@CBaseEntity@@UAEHXZ 10024ba0 f   cbase.obj
 0001:00023c90       ?ShouldToggle@CBaseEntity@@QAEHW4USE_TYPE@@H@Z 10024c90 f   cbase.obj
 0001:00023cc0       ?DamageDecal@CBaseEntity@@UAEHH@Z 10024cc0 f   cbase.obj
 0001:00023cf0       ?Create@CBaseEntity@@SAPAV1@PADABVVector@@1PAUedict_s@@PAVCBasePlayer@@@Z 10024cf0 f   cbase.obj
 0001:00023dc0       ?set_suicide_frame@@YAXPAUentvars_s@@@Z 10024dc0 f   client.obj
 0001:00023e40       ?ClientConnect@@YAHPAUedict_s@@PBD1QAD@Z 10024e40 f   client.obj
 0001:00023e60       ?ClientDisconnect@@YAXPAUedict_s@@@Z 10024e60 f   client.obj
 0001:00023f30       ?respawn@@YAXPAUentvars_s@@H@Z 10024f30 f   client.obj
 0001:00023fd0       ?ClientKill@@YAXPAUedict_s@@@Z 10024fd0 f   client.obj
 0001:00024040       ?ClientPutInServer@@YAXPAUedict_s@@@Z 10025040 f   client.obj
 0001:000240c0       ?Host_Say@@YAXPAUedict_s@@H@Z 100250c0 f   client.obj
 0001:00024500       ?ClientCommand@@YAXPAUedict_s@@@Z 10025500 f   client.obj
 0001:00028990       ??0Vector@@QAE@XZ          10029990 f i client.obj
 0001:000289a0       ?ENT@@YAPAUedict_s@@PBUentvars_s@@@Z 100299a0 f i client.obj
 0001:000289b0       ?VARS@@YAPAUentvars_s@@PAUedict_s@@@Z 100299b0 f i client.obj
 0001:000289c0       ?FNullEnt@@YAHPBUedict_s@@@Z 100299c0 f i client.obj
 0001:000289e0       ?FStrEq@@YAHPBD0@Z         100299e0 f i client.obj
 0001:00028a30       ?EMIT_SOUND@@YAXPAUedict_s@@HPBDMM@Z 10029a30 f i client.obj
 0001:00028a60       ?BodyTarget@CBasePlayer@@UAE?AVVector@@ABV2@@Z 10029a60 f i client.obj
 0001:00028ae0       ?StartSneaking@CBasePlayer@@UAEXXZ 10029ae0 f i client.obj
 0001:00028b00       ?StopSneaking@CBasePlayer@@UAEXXZ 10029b00 f i client.obj
 0001:00028b20       ?IsSneaking@CBasePlayer@@UAEHXZ 10029b20 f i client.obj
 0001:00028b40       ?IsAlive@CBasePlayer@@UAEHXZ 10029b40 f i client.obj
 0001:00028b70       ?ShouldFadeOnDeath@CBasePlayer@@UAEHXZ 10029b70 f i client.obj
 0001:00028b80       ?IsPlayer@CBasePlayer@@UAEHXZ 10029b80 f i client.obj
 0001:00028b90       ?IsNetClient@CBasePlayer@@UAEHXZ 10029b90 f i client.obj
 0001:00028ba0       ?ObjectCaps@CBasePlayer@@UAEHXZ 10029ba0 f i client.obj
 0001:00028bb0       ?ClientUserInfoChanged@@YAXPAUedict_s@@PAD@Z 10029bb0 f   client.obj
 0001:00028dd0       ?ServerDeactivate@@YAXXZ   10029dd0 f   client.obj
 0001:00028df0       ?ServerActivate@@YAXPAUedict_s@@HH@Z 10029df0 f   client.obj
 0001:00028e90       ?PlayerPreThink@@YAXPAUedict_s@@@Z 10029e90 f   client.obj
 0001:00028eb0       ?PlayerPostThink@@YAXPAUedict_s@@@Z 10029eb0 f   client.obj
 0001:00028ed0       ?ParmsNewLevel@@YAXXZ      10029ed0 f   client.obj
 0001:00028ee0       ?ParmsChangeLevel@@YAXXZ   10029ee0 f   client.obj
 0001:00028f10       ?StartFrame@@YAXXZ         10029f10 f   client.obj
 0001:00028f30       ?ClientPrecache@@YAXXZ     10029f30 f   client.obj
 0001:00029530       ?GetGameDescription@@YAPBDXZ 1002a530 f   client.obj
 0001:00029550       ?Sys_Error@@YAXPBD@Z       1002a550 f   client.obj
 0001:00029560       ?PlayerCustomization@@YAXPAUedict_s@@PAUcustomization_s@@@Z 1002a560 f   client.obj
 0001:000295d0       ?SpectatorConnect@@YAXPAUedict_s@@@Z 1002a5d0 f   client.obj
 0001:000295f0       ?SpectatorDisconnect@@YAXPAUedict_s@@@Z 1002a5f0 f   client.obj
 0001:00029610       ?SpectatorThink@@YAXPAUedict_s@@@Z 1002a610 f   client.obj
 0001:00029630       ?SetupVisibility@@YAXPAUedict_s@@0PAPAE1@Z 1002a630 f   client.obj
 0001:00029730       ?AddToFullPack@@YAHPAUentity_state_s@@HPAUedict_s@@1HHPAE@Z 1002a730 f   client.obj
 0001:00029b60       ?CreateBaseline@@YAXHHPAUentity_state_s@@PAUedict_s@@HVVector@@2@Z 1002ab60 f   client.obj
 0001:00029d00       ?Entity_FieldInit@@YAXPAUdelta_s@@@Z 1002ad00 f   client.obj
 0001:00029d70       ?Entity_Encode@@YAXPAUdelta_s@@PBE1@Z 1002ad70 f   client.obj
 0001:00029ed0       ?Player_FieldInit@@YAXPAUdelta_s@@@Z 1002aed0 f   client.obj
 0001:00029f10       ?Player_Encode@@YAXPAUdelta_s@@PBE1@Z 1002af10 f   client.obj
 0001:00029ff0       ?Custom_Entity_FieldInit@@YAXPAUdelta_s@@@Z 1002aff0 f   client.obj
 0001:0002a0a0       ?Custom_Encode@@YAXPAUdelta_s@@PBE1@Z 1002b0a0 f   client.obj
 0001:0002a190       ?RegisterEncoders@@YAXXZ   1002b190 f   client.obj
 0001:0002a1d0       ?GetWeaponData@@YAHPAUedict_s@@PAUweapon_data_s@@@Z 1002b1d0 f   client.obj
 0001:0002a3a0       ?UpdateClientData@@YAXPBUedict_s@@HPAUclientdata_s@@@Z 1002b3a0 f   client.obj
 0001:0002a680       ?CmdStart@@YAXPBUedict_s@@PBUusercmd_s@@I@Z 1002b680 f   client.obj
 0001:0002a6d0       ?CmdEnd@@YAXPBUedict_s@@@Z 1002b6d0 f   client.obj
 0001:0002a710       ?ConnectionlessPacket@@YAHPBUnetadr_s@@PBDPADPAH@Z 1002b710 f   client.obj
 0001:0002a720       ?GetHullBounds@@YAHHPAM0@Z 1002b720 f   client.obj
 0001:0002a740       ?CreateInstancedBaselines@@YAXXZ 1002b740 f   client.obj
 0001:0002a750       ?InconsistentFile@@YAHPBUedict_s@@PBDPAD@Z 1002b750 f   client.obj
 0001:0002a790       ?AllowLagCompensation@@YAHXZ 1002b790 f   client.obj
 0001:0002a7a0       ??0CBasePlayer@@QAE@XZ     1002b7a0 f i client.obj
 0001:0002a7b0       ??0CBaseMonster@@QAE@XZ    1002b7b0 f i client.obj
 0001:0002a7c0       ?LimitVelocity@CGib@@QAEXXZ 1002b7c0 f   combat.obj
 0001:0002a8c0       ?SpawnStickyGibs@CGib@@SAXPAUentvars_s@@VVector@@H@Z 1002b8c0 f   combat.obj
 0001:0002ace0       ?ObjectCaps@CGib@@UAEHXZ   1002bce0 f i combat.obj
 0001:0002acf0       ?SpawnHeadGib@CGib@@SAXPAUentvars_s@@@Z 1002bcf0 f   combat.obj
 0001:0002b130       ?SpawnRandomGibs@CGib@@SAXPAUentvars_s@@HH@Z 1002c130 f   combat.obj
 0001:0002b560       ?HasHumanGibs@CBaseMonster@@UAEHXZ 1002c560 f   combat.obj
 0001:0002b590       ?HasAlienGibs@CBaseMonster@@UAEHXZ 1002c590 f   combat.obj
 0001:0002b5c0       ?FadeMonster@CBaseMonster@@UAEXXZ 1002c5c0 f   combat.obj
 0001:0002b640       ?GibMonster@CBaseMonster@@UAEXXZ 1002c640 f   combat.obj
 0001:0002b730       ?GetDeathActivity@CBaseMonster@@UAE?AW4Activity@@XZ 1002c730 f   combat.obj
 0001:0002b9f0       ?GetSmallFlinchActivity@CBaseMonster@@QAE?AW4Activity@@XZ 1002c9f0 f   combat.obj
 0001:0002ba80       ?BecomeDead@CBaseMonster@@UAEXXZ 1002ca80 f   combat.obj
 0001:0002bac0       ?ShouldGibMonster@CBaseMonster@@QAEHH@Z 1002cac0 f   combat.obj
 0001:0002baf0       ?CallGibMonster@CBaseMonster@@QAEXXZ 1002caf0 f   combat.obj
 0001:0002bbe0       ?Killed@CBaseMonster@@UAEXPAUentvars_s@@H@Z 1002cbe0 f   combat.obj
 0001:0002bcf0       ?SUB_StartFadeOut@CBaseEntity@@QAEXXZ 1002ccf0 f   combat.obj
 0001:0002bd60       ?SUB_FadeOut@CBaseEntity@@QAEXXZ 1002cd60 f   combat.obj
 0001:0002bdd0       ?WaitTillLand@CGib@@QAEXXZ 1002cdd0 f   combat.obj
 0001:0002be70       ?BounceGibTouch@CGib@@QAEXPAVCBaseEntity@@@Z 1002ce70 f   combat.obj
 0001:0002c030       ?StickyGibTouch@CGib@@QAEXPAVCBaseEntity@@@Z 1002d030 f   combat.obj
 0001:0002c210       ?Spawn@CGib@@QAEXPBD@Z     1002d210 f   combat.obj
 0001:0002c320       ?TakeHealth@CBaseMonster@@UAEHMH@Z 1002d320 f   combat.obj
 0001:0002c370       ?TakeDamage@CBaseMonster@@UAEHPAUentvars_s@@0MH@Z 1002d370 f   combat.obj
 0001:0002c960       ?DeadTakeDamage@CBaseMonster@@QAEHPAUentvars_s@@0MH@Z 1002d960 f   combat.obj
 0001:0002cca0       ?DamageForce@CBaseMonster@@QAEMM@Z 1002dca0 f   combat.obj
 0001:0002cce0       ?RadiusDamage@@YAXVVector@@PAUentvars_s@@1MMHH@Z 1002dce0 f   combat.obj
 0001:0002cfa0       ?Normalize@Vector@@QBE?AV1@XZ 1002dfa0 f i combat.obj
 0001:0002d030       ?RadiusDamage@CBaseMonster@@QAEXPAUentvars_s@@0MHH@Z 1002e030 f   combat.obj
 0001:0002d080       ?RadiusDamage@CBaseMonster@@QAEXVVector@@PAUentvars_s@@1MHH@Z 1002e080 f   combat.obj
 0001:0002d0d0       ?CheckTraceHullAttack@CBaseMonster@@QAEPAVCBaseEntity@@MHH@Z 1002e0d0 f   combat.obj
 0001:0002d1e0       ?FInViewCone@CBaseMonster@@UAEHPAVCBaseEntity@@@Z 1002e1e0 f   combat.obj
 0001:0002d2c0       ?FInViewCone@CBaseMonster@@UAEHPAVVector@@@Z 1002e2c0 f   combat.obj
 0001:0002d3a0       ?FVisible@CBaseEntity@@UAEHPAV1@@Z 1002e3a0 f   combat.obj
 0001:0002d4c0       ?FVisible@CBaseEntity@@UAEHABVVector@@@Z 1002e4c0 f   combat.obj
 0001:0002d540       ?TraceAttack@CBaseEntity@@UAEXPAUentvars_s@@MVVector@@PAUTraceResult@@H@Z 1002e540 f   combat.obj
[...]
FIXUPS: 484b3 ffffef28 3a 32 38 20 c4 35 25 94 1c 1b 12 78 1b 3d 3e 44
FIXUPS: 47861 38 38 6e 23 25 f 7 131 36 a 51 a 64 a ffffefe8 38 3e 42 1f
FIXUPS: 46dc9 1e 1d3 1d 13 1d 1a c 5a 56 25 1b 42 32 29 44 2d a 38 14 20
FIXUPS: 472e4 35 19 25 2d 26 3516 4a 50 8 a8 50 1e 30 50 b4 15 b 5 18 b7
FIXUPS: 4adfd 16 1f c 47 c 33 c 12 91 67 ffffb9b3 7b 36 32 40 d7 3412 11
FIXUPS: 49fc7 1e 24 da 33 f 11 87 63 5d 31 b9 43 19 28 f 7 86 32 ea 6d
FIXUPS: 4a62b 21 93 d 11 41 50 74 4d 1b54 15 21 2b 16e 15 96 1b ffffea4e
FIXUPS: 4b1cc ffffe838 e6 e9 4a 50 33 48 c 11 61 2b 56 8 29 32 24 9 5f
FIXUPS: 49f0c 47 10 2a 17f4 46 b6 11 a9 a 5a 97 a 38 2d a 17 11 31 86 d
FIXUPS: 4bcb4 69 20 15 8f c 1ee 29 29 27 11 99 11e 8a 2b 82b b 1c 56 a
FIXUPS: 4cc01 15 3f 1e fffffb1e 20 ffffeb6a 11 bf 26 80 34 39 28 8a 81
FIXUPS: 4b65e 26 11 b 18 11 b 5 9 72 1e 1a5b 4d a 2c a 3c 3a 2a 1e 9d 5d
FIXUPS: 4d477 38 29 a 52 37 fffff2cf 1d 13 1d 2f 87 8a f b 8 4d 1b b 1c
FIXUPS: 4cad3 e78 72 7 4b 61 a 2a 1c 1d 68 25 4d 2a fffff1c3 a6 57 3b 78
FIXUPS: 4cf8a a 4a a 36 a 29 a 37 a 1a cf a 34 e17 a6 2a 32 b 80 6c 10
FIXUPS: 4e205 10 66 a e 42 a e 2c 32 41 35 2e 1a 27 fffff1ba 1d 13 1d 1bf
FIXUPS: 4d815 37 17 33 ff2 c8 24 2c aa 1d 13 1d 10d 82 4b 113 43 2f 3e
FIXUPS: 4eed2 68 1d 13 1d f7 4c 4b ffffeb61 60 60 60 60 60 60 60 6c 1578
FIXUPS: 4f542 a5 109 f c 5b 13 11 3e 72 c 4c 2b c 10 ffffebc1 1d 13 1d
FIXUPS: 4e57a 2a b 1e c1 2d b c 55 13 5b 8b 19b6 61 7b 7e 32 b4 27 1c 51
FIXUPS: 5050b 24 1e 98 14 8d 113 2a 2a 35 3f 2b 10 37 20 20 19 61 262 ffffe724
FIXUPS: 4f3dd 37 8b 785 50 a 38 a 32 a 2d a 1f 2b b 12 f 9 7f 24 15 43
FIXUPS: 4fec0 64 19 12 1e 11 7 b 9 2f 77 132 c f27 c2 99 1b4 92 97 3d 9b
FIXUPS: 51604 50 50 50 17 ac 72 3b 95 c ffffe055 1d 13 1d 7a 3c 7d 4b 42
FIXUPS: 4fba6 a 30 a 30 1ec0 1d 1bf 1f 37 17 33 86 8d 62 7a 3e e 56 2a
FIXUPS: 50cda 1d 13 1d 1a c 148 4d e c 10 35 a 3a d 57 3c 3858 a 34 3f
FIXUPS: 5491b b 2b a 4d cb b 23 41 72 105 74 19 8c 52 6b 59 1f dc 60 1d
FIXUPS: 5502f b ffffc959 b6 30 31 1d 289a 37 11a 2b a 47 f 17 1a 15 b 2f
FIXUPS: 545c8 13 13 33 a 53 b 5a 2f b 23 28 2b 2d b 2b a 18 b 1e fffff215
FIXUPS: 53a6c e1 2b a 8 a7 f9 5e 10 165 17 29 1a 9f 1d 11 1c 10 12 ee 7b
FIXUPS: 541f4 29 24 c 69 11 15 11 1a e fffff330 b 8 31 15 47 b 33 35 2f
FIXUPS: 537bb 19 1d 9 4f 39 9 53 17 1a 1d 23 14 7 7 b 9 21 4a 24 1b 15
FIXUPS: 53216 a 4e a 30 a 1f 2b b f f 9 31 15 2d 3c 20 42 42 42 30 a 39
FIXUPS: 53540 4e a 30 a 1f 2b b f fffff2fc 32 25 15 93 1e b0 1e c9 32 23
FIXUPS: 52c4c 37 f1 78 a 29 14 29 14 49 14 61 a4 af 3c 20 42 42 42 30 a
FIXUPS: 5210d 34 a 9e 21 1c 33 d7 b8 a5 f 15 1c 28 35 b aa 15 52 29 97
FIXUPS: 5271b 5d 14 11 59 d 40 38 54 4b a 385e 2d 61 115 13c fc 29 ae ffffeb1a
FIXUPS: 55286 33 30 3b ac b f f f 66 3c 19 c 2d 20 2d a a0 6a ffffca4d
FIXUPS: 520c7 13 1d 5521 12 ffffe120 1d 13 1d 24 130 79 d1 3f 30 e6 4f
FIXUPS: 55bfe 7 d 14 65 38 38 47 6b a b1 a c7 58 6b a c4 69 f39 36 d 56
FIXUPS: 57112 36 d 5b d 36 d 5b d 36 d 3c 25 12 34 12 2f 12 41 20 2a a2
FIXUPS: 574d7 2b f ab 24 19 fffff5ab 25 c 4c 3d 38 a 38 a 3f a 30 a 30
FIXUPS: 56d9f 6d a 2d a 52 a 2d a 4d a 2d a 52 a 2d d 5b 17e0 16 1e 23
FIXUPS: 58928 56 29 da c 55 8 61 f ba b4 76 47 2d ffffd98c 50 1c fc e 8e
FIXUPS: 569d9 41 32 32 1f 3f 9e 17 119c 4b 29 4a 29 29 20 b 44 2a 2a 4b
FIXUPS: 57f74 29 4e 29 29 20 b 119 c7 dd 2c 7a c 169 f7 c0 10 70 10 9d
FIXUPS: 5b63a 4b a 25 48 a 9 4c a 57 13 2d f ffffbebf 1d 13 1d 68 b 20
FIXUPS: 578d6 2e 17 30 b 96 2a 2d 2c 90 1dc 29 2f6d 11 32 3e 17 4a d 11
FIXUPS: 5ada3 3e 17 52 32 32 3b 41 2e 9 5f a c0 6f 38 62 3a 4c 118 2e 17b
FIXUPS: 5b596 b 49 ffffedef 2d 16 89 68 38 68 15 92 25 1ac 3b 3e ca 79
FIXUPS: 5a9eb e 32 14 53 a e 32 3b 14 50 a e 32 3e 17 4a fffff008 46 9
FIXUPS: 59d1e a 82 57 d 2f d 36 d 3f d 28 25 6a a 9 4d d 16 d 3b d 3c d
FIXUPS: 5a0cd 32 1d0 21 66 ffffef33 11 18 2b 40 42 20 8b 34 8c 3a 35 32
FIXUPS: 5957a b 18 f b 5 15 6e 2d5 e6 8 92 14 1b 94 2d 19 5a 6b 3241 a
FIXUPS: 5ceda a 54 a 2d a 17 c 53 fc 48 35 44 ffffbc6b 15 2e 1d 13 1d 46
FIXUPS: 58f3d 50 50 50 50 24 c 6d 38 a1 362e 30 a 61 a 32 a 3b a 30 a 3f
FIXUPS: 5c9ca 21 b 63 c 53 22 1b 98 5b 5b 10b 35 29 50 a 21 a 3b a fffff2bb
FIXUPS: 5c13a 33 a 31 11 4b 20 c 6f 1ce 7e 32 11 23 c 17 bd 30 9 3f 37
FIXUPS: 5c6ea 35 a 36 a 38 a 32 a 30 fffff508 45 19 d 5a 45 2e d3 25 b
FIXUPS: 5bf64 7 a b 9 7 31 27 d f 37 22 1a e 11 28 a 7 6 33 11 c 14ca a4
FIXUPS: 5d6f1 a2 cc 5e 27 13 9c 2e 92 b0 ac ffffdd5b 1d 13 1d 5f 36 77
FIXUPS: 5ba6b 23 2f 2b 22 4d 53 4c 1e 11 93 d 2c2e a 1f 7 33 a7 aa 171
FIXUPS: 5ecf4 37 10 c8 1c fa d c5 10 10 49 94 15a d0 6a 77 ffffdec5 94
FIXUPS: 5d3f9 43 60 55 49 4f ae5 1a 31 9 62 54 59 17d 2c f b aa 8e a a8
FIXUPS: 5e59a 3a 35 37 c5 3a 2a a 32 a 30 a 37 5d a 38 a d4d 51 12d 194
FIXUPS: 5f958 f f 1b b 1b b 19 b 1b 24 24 25 20 1c 2e 2e 1a ffffe23a 1d
FIXUPS: 5dd8a 1d 68 ae 34 5b 54 c5 2955 29 77 65 12 6e 15 16 43 21 d 12
FIXUPS: 60bff 9b 18 12 70 34 18 4a 18 57 2d 66 59 35 31 41 ffffe5ae 1d
FIXUPS: 5f5aa 1d ab1 5b 74 6d 54 54 54 1f 1b 2c 38 b8 51 49 1a 58 15 12
FIXUPS: 60556 6a 6a 23 12 6b 1d 13 1d 162 2e 32 3f 60 8fc 6a 19 41 4c 44
FIXUPS: 61434 6f 5e 21 72 ffffe5a6 1d 13 1d b7 26 4b 62 57 2a 18 30 1a
FIXUPS: 5fe66 74 1d 13 1d 52 57 54 67cd 40 a 17 2f a 95 a 17 2f a 75 a
FIXUPS: 66a10 16 73 35 8 1a 7 72 d b 27 49 ffffa449 1d 13 1d 4f 54 74 4b69
FIXUPS: 65e5b 1f 3a b 12b ba 3d 6a 49 a6 22 59 73 d 1f 59 51 ec a 4d 69
FIXUPS: 665cc 54 2b d 2c 2e 3c d aa 17 ffffea1b 25 cd 6c 6d 2b 13d 2b 3e
FIXUPS: 6558a 1d 1a 4c 1e 63 4b 1e 47 73 35 32 32 3c 12 2d 19 15b 96 104
FIXUPS: 65c10 b c1 ffffe937 7 21 1b 61 1d 1d 1d 15d 2e 1d 14 3f 20 14c
FIXUPS: 64a8e 11 17e 38 1c 26 de d c1 aa 20 f5 4c 81 59 51 25 ffffe970
FIXUPS: 63b18 2f a 2d d 93 a 16 47 7 15e 36 40 33 136 15 ca a 69 10 60
FIXUPS: 64252 af 7 8 1b 5d 7 ec b2 df ffffeead 142 6b a 46 5a 43 3e 30
FIXUPS: 637cb 59 a 33 a 2f a 2d a 65 a 33 a 57 a 2f a 30 d 5a a 36 a ffffedf7
FIXUPS: 62966 6f 10d 2e 91 8 85 2b b 26 49 b 16 66 4b 75 31 b3 32 fd 1a2
FIXUPS: 6325a 1c 11 2d 20 35 71 c de 2b ffffe5b2 12d 10 65 53 c 5d 3b 54
FIXUPS: 61d3e 15 c 38 3d 72 87 11 18 13 b a e 2c 87 4f 31 4f e8 476 b 69
FIXUPS: 626bd 4e95 41 4a 226 14 1e fffff492 d fc 10 21 d d 1b 11 1e 82
FIXUPS: 66f31 7d 14 35 ffffa5e3 1d 13 1e 9 1f 75 93 2d 6d 164 64c0 2e 3e
FIXUPS: 67e9d 32 1a 7 b c 3d 11 11 2e 22 16 48 8f 74 dc 77 89 71 ffffed46
FIXUPS: 670c7 13 1d f9 54 54 14d 43 64 289d d 61 67 4a 132 1a5 f 33 b 125
FIXUPS: 6a45a 159 ffffd39b 16c 6c 9a 81 b f f 20 b f f f 70 5 11 12 25
FIXUPS: 67d8b 113c c c c c c c a7 80 4f af 5b a c6 19 19 236 88 a9 1cf
FIXUPS: 697f8 163 31 4b bd 26 1a 53 12 11c 10 7c ffffede3 17 38 b2 af c
FIXUPS: 68c97 c2 21 1c 1d c 13 11 c c c c c c c c c c c c c c c c c c 6804
FIXUPS: 6f6cc 11 32 32 4c a ffff8c5a 5 10 10 10 b 5 50 2d 34 7 51 4f 32
FIXUPS: 685d1 c6 20 26 8c 106 6a 22 95 f af 6414 e 2f a 11 91 d 29 2a 7
FIXUPS: 6efb9 7 1aa a 85 6b a 33 a 11 d4 a 38 3a 35 32 ea 6 89 a d 50 fffff2f0
FIXUPS: 6e94e 20 f 33 25 6 4a 3a 16 d b 1c 8 f1 a 2f a 3e a 51 a a4 a 9
FIXUPS: 6ed8c a 33 a 2c a 4f fffff2d7 f7 d 34 c6 48 1b 3f ab 10 10 48 a6
FIXUPS: 6e597 94 67 6 10 b 12 8 16 b b b 12 2b aa 3c 6 61 9e ffffee05 5c
FIXUPS: 6d795 5e 16 e 1a0 14 18 29 28 1a8 d 37 1c 28 52 16 d b 1c 8 1e
FIXUPS: 6de49 62 49 43 10b 58 24 3b 1d ffffedb0 9 3d 35 39 5d d 34 b 14
FIXUPS: 6d060 e 10b 49 34 17c 25 c 1f c 50 1ae 16 1f 62 9 17 f 10 3b 1a
FIXUPS: 6d712 fffff062 9 9 43 3a 7 2a 13 11 4f 181 52 a b8 38 32 35 35
FIXUPS: 6cc1c 7d a 8f a b0 a 38 a e 14 11 35 1f fffff0e4 10 e b 24 20 33
FIXUPS: 6c111 e2 38 b 61 19 18a a3 29 28 13 21 1d b 16 23 7 25 7 8e 48
FIXUPS: 6c6d8 1f c 33 fffff394 3a d 2a 8 16 38 a 30 d 59 a 9 53 a 3a 12
FIXUPS: 6bd20 1b 1d 8 53 b 22 1a 7 3f 40 28 1a 39 87 fffff3e1 11 3e 86
FIXUPS: 6b47d a e 32 30 5d 1a e5 1f 70 70 2a 2a 2a 2a 17 6b 1e 49 4a 67
FIXUPS: 6b99d 53 a 52 a 30 a ffffeeac 7 21a a a 163 3a 18 7b 2b 2d c c
FIXUPS: 6ae4b 3e 9 45 5f 73 5a 19 f5 a 11 3b 80 4e a e 35 89 4e 952d 286
FIXUPS: 74b27 a 15 2dc 61 9 17 26 a 5c 2e 9 46 c 1d0 12 12 3d ffff541a
FIXUPS: 6a618 f2 1d 13 1d 63 1d 13 1d a5 d 8c7c 21 9 76b e 64 23 e 10a
FIXUPS: 73e8b 12 1c 13 12 1c 13 12 2d4 12 11 11 d3 367 23 53 ad d 11 d
FIXUPS: 747df 12 76 ffffe0f4 47 35 30 e b 10 b 12 b 22 46 6 28 1b 6d 11b
FIXUPS: 72d4b b2 22 36 292 69 60 65 84 1f2 4e e 10 10 13 ffffea6d b 1f
FIXUPS: 71fe6 6f 57 a3 56 6 16 b 38 10 18e d e7 133 28 2a e4 73 31 63 f
FIXUPS: 72823 1f 6 23 a be a 13 ffffee03 f 71 4c b5 15 18 189 18 70 3d
FIXUPS: 71b83 16 3d 35 16 3d 21 6 36 4d 162 28 27 11 47 f a 9 c 16 17 ffffea08
FIXUPS: 7097b bf 7 c0 7 bf 7 c1 7 e6 16d b b 38 8e 50 e5 6e 13 50 5f 2f
FIXUPS: 71264 2d 6f b b 33 1cb 91 f5 ffffea85 23 79 72 15b 4e 34 15 12
FIXUPS: 7044b 36 18 16 5d 16 12 58 d f 20 1c d f 20 1c d f 20 81 d 1a6
FIXUPS: 708b3 5f99 10c 43 ce 52 3f a 3a 35 4d0 1f 7 167 7c 35 1f5 44 32
FIXUPS: 77509 ffff82b8 d6 13 13 13 16 32 1e4 e 384 14 1b5 44 62a2 44 36
FIXUPS: 763c4 43 a 30 a 51 a 32 a 30 a 4e a 32 a 30 a 2a 26 a5 30 23 41
FIXUPS: 7677d 11 17 6 14 61 fffff2c2 7 c 4c b 15 91 33 b 39 b 14 7 1b 72
FIXUPS: 75d6c 93 21 b 1d 54 a d5 18b 73 ac b 7 7 48 41 44 fffff4a2 34 c
FIXUPS: 75823 a 36 a 36 a 32 a 30 a 30 a 34 c 16 1f 1f 14 7 7 23 7 c 16
FIXUPS: 75a7e 1f 14 7 7 2419 75 89 53 ffffd1e1 1d 13 1d 83 d 58 27 93 ca
FIXUPS: 754ed 59 4c 6a a 1c 19 38 a 36 a 36 a 32 a 30 a 30 1e85 42 1d 13
FIXUPS: 776b7 ee 48 79 12 69 12 5f 2c ed 1ed 8 4f 8 f 4d 8 56 43 8 f 34
FIXUPS: 77e36 7 8 2e 21 3c 354 32 34 19 26 61 32 3a 3b a4 16 6c 2a 15 3a
FIXUPS: 785a8 20 9b 5a 7 f b f a 93 23 e 18 ffffedb7 1d 13 1d 1d52 40 35
FIXUPS: 793d9 30 a 2d f 5 11 76 81 b f f 11 b f f f 70 3e 77 12 79 a2 8
FIXUPS: 79848 44 43 ffffe855 f2 6205 1b ffffa49d d 32 f0 a 44 a 46 18 18
FIXUPS: 78b15 a 99 a 2d a 24 23 49 49 8f 5f 24e dd af 6c 4c 32 a 61 485c
FIXUPS: 7db96 35 4b 35 88 49 11 d fb 57 22 dc 1d 13 1d 30 ca 8e 41 7 4b
FIXUPS: 7e1f9 11 b 7 1f 3a 68 c9 2c 42 ffffecc6 1d 13 1d d 1c 1a 41 79
FIXUPS: 7d350 77 4d 6c ad 2a 1fd 51 34 29 d1 79 7 9 2b 11 64 7 9 2b 11
FIXUPS: 7daf1 1b ffffe876 d 1a b c ab 8 11 8 99 138 100 af 4e 45 1e 1a
FIXUPS: 7c913 bf 6b bf 2d 100 96 d 80 26a e 6 63 d 69 ffffe74c 278 31 51
FIXUPS: 7bb06 a 74 b8 31 60 c 31 27 2e b4 d 3a cb 50 2c c 5d 22 71 c 3f
FIXUPS: 7c0f4 2d c 6a b0 e ffffeb4c 38 97 40 13 45 40 5b 44 153 e a 35
FIXUPS: 7b1c7 4a 7 11 b 7 103 10f d 37 c9 1d 13 1d 9f 51 51 51 54 ffffed06
FIXUPS: 7a51c 2f 7 3f 40 5b 2f 7 3f 40 b3 96 1d 13 1d 2d 100 7 19 21 f
FIXUPS: 7aa44 21 f 176 1d 13 1d 51 1f 6f b10e 51 3b 21 49 38 4a 158 ffff38b6
FIXUPS: 799c7 13 1d 4f 54 51 54 54 8 51 8 51 1f 3ce 17 db 17 19 21 20 aa
FIXUPS: 7a24d 173 ab13 7a 35 16 1a2 71 a a0 67 ae 56 35 249 b7 19 3a 3a
FIXUPS: 857b4 30 49 3d 174 7a 1f ee 112 63 1d 13 1d 4f 57 ffffe3f2 1e 5d
FIXUPS: 842be 15a 12 a 11e 1e 24 2b cb 15 94 34 fc 1a 58 54 122 a a1 147
FIXUPS: 84c88 34 32 76 11 4d a c5 38 ffffe9e0 c c c c c c c c c c 22 14
FIXUPS: 83990 65 184 61 27 27 21 24 b 17 d4 64 19 11 1a2 3e 30 83 dd ffffef2e
FIXUPS: 8309e a9 10 29 d1 b1 91 b5 28 34 d1 74 21 1a b 18 12a 78 24 c c
FIXUPS: 83831 c c c c c c c c c ffffe9e8 53 47 75 17 206 71 92 127 57 38
FIXUPS: 82887 26 21 34 38 113 64 5 70 107 79 153 36 25 73 14 6 15 c 36
FIXUPS: 8301c ffffe87d 19 89 15 121 6 57 55 39 73 4e b 26 1c 19 7 ab 72
FIXUPS: 81de4 f 24 7c 9 b a 22b 2d 47 39 5b 5d 32 ffffe68b c 24 5a 97 49
FIXUPS: 80acd 4e 85 10b a 60 32 38 dc f 236 d1 b1 a 7 41 7 13 11e ec 6
FIXUPS: 81524 60 ff a6 96 ffffe590 4d c3 25c 39 b 23 109 67 c0 2a 7 10
FIXUPS: 803dc 18 b 22 7 b9 4b b 19 b2 6 2c 21 12 54 92 5c 4c ac ffffec39
FIXUPS: 7f4e0 e 9 75 285 30 7d 52 96 3b b 21 23 2e 6b b d b d b d b d b
FIXUPS: 7fb21 b d b d b b2 ffffee74 19 d7 5 1e 17 d2 8d 19 147 28 26 28
FIXUPS: 7ef02 20 23 23 23 6b 13 73 35 5d 70 d7 68 1f 69 2c 139 b 16 c9dc
FIXUPS: 8c116 c4 5 ffffa53c 42e a 5b 1b e 42 244 138 6 e 6 fffff20f 5b
FIXUPS: 8627b f 13 b 117 dd c5 d7 47 7c ffff80e7 36 1b 238 d14a 15 5 25
FIXUPS: 8bc38 23 8 8 17 38 32 9 1e 5 5 19 47 15 2f 5 15 2a 5 13 7 5 2f
FIXUPS: 8be5d 9 19 5 1e ffffee6c 34 10 53 54 2b 55 1d1 40 9 20 55 6c 7f
FIXUPS: 8b21c 7f a9 1d 169 77 16 9 168 8f 3b 133 71 19b 2f 1a 38 d ffffe28c
FIXUPS: 89e87 2f8 178 ab 8 16 8c cf 77 62 1c 32 d 42 50 25 34 201 b2 2a
FIXUPS: 8aa56 1a 10 1f 2f 17 39 15 ae b0 f ffffde16 41 12c 10d 495 33 62
FIXUPS: 892b5 47 78 a1 4f 11 5b 3b 2c 2f 1c9 27 113 b7 55 16 61 52 a1 52
FIXUPS: 89c8f 96 25 10 5e 2dc8 e 18 ffffa616 e 112 54 2b 2a 49 ad 54 c0
FIXUPS: 87de1 46 e 73 172 8e 30 2dc 64 17b df 4c 73 73 32 205 11 5b 3b
FIXUPS: 8d413 67 ffffedfa f2 e f4 b1 cd 34 19 26 61 32 3a 3f 9f 7b 16 50
FIXUPS: 8c921 15 3a 38 20 9b 5a 7 f b f a 66 19c3 c 11 17 f 48 10 34 15
FIXUPS: 8e6b6 14 ffffeeb5 fffff78b a4 e9 29 28 116 55 3e 75 b f f f 70
FIXUPS: 8d1d1 72 41 47 e 2a d8d 6e 5 11 12 25 c 1d 9c 93 b f f f 59 b f
FIXUPS: 8e35d 41 b f f f 55 b f f f 70 5 11 12 fffff801 f 4a 20 26 40 b
FIXUPS: 8ddf5 f f 43 b f f f 4f b f f f 45 b f f f 44 20 26 3c b f f e7a
FIXUPS: 8ef43 6c 10 17 45 ac 7d ab ffffe5d2 c4 67 be 6c 47 39 79 32 38
FIXUPS: 8dbcf b f f f 4f b f f f 45 b f 2834 47 1c f 39 2f 1d 23 34 15
FIXUPS: 90736 14 89 78 ffffdfe2 18 9b 17b 1b 36 80 130 9 2b 37 15 b 41
FIXUPS: 8ed3d 13 62 6b 10d5 5 28 23 c 5f 13 45 a bb 76 12 3c 8a f 49 3a
FIXUPS: 902e4 4d 32 30 a 31 12 5 11 4d 32 a 64 11 13 fffff4dc 1c 9e 35
FIXUPS: 8fadc 2d a 68 45 a 33 a 2d 15 11 b 5 20 45 a 33 a 50 35 33 a 35
FIXUPS: 8fe17 13 2b 14 47 12c3 90 1b 11 11 17 10 cf 7f 1e 11 23 d0 11 89
FIXUPS: 9157d 61 ffffddb3 112 e6 d 41 d6 f 86 d1 31 31 51 43 59 a 36d6
FIXUPS: 93054 1e 239 35 25 76 7 2a c7 6c ffffd430 8a d ed fc 1a 2c 176
FIXUPS: 90d74 29 8a 13 7a 49 e8 28 c 2d 1b 13 5f 16b3 b6 28 51 b 25 1b
FIXUPS: 92958 11 26 71 51 19 b 17 2b 63 2e 31 3b 56 45 154 22 16 17 1a2
FIXUPS: 92fb0 f 39 b c fffff281 7 11 2d 1f 14 7 11 2d 10 19 40 f 53 11
FIXUPS: 92476 b 45 30 7 17 b 22 7 32 99 48 2b 2b 76 c 12 fffff4d2 df 9b
FIXUPS: 91da9 22 33 10 80 2a bd 1a 2c 4f b 13 16 b 13 12 25 13 bf 17 40
FIXUPS: 921d5 17 17 13 7 11 2d 21 2d83 60 18 2f f 78 2a 23 60 ffffc521
FIXUPS: 9177d 7 73 77 23 8 11 50 b 72 12 1b 3a a 1c 60 65 10 35 53 48 43
FIXUPS: 947cc 14 35 18 43 98 1f 125 87 27 1d 13 1d 3c 43 ab 2b 4d d 46
FIXUPS: 94d45 11 1f 1c 5b 5b 4e 9 27 1c ca 39 fffff1ff 1a 16 1a 45 18 12
FIXUPS: 942d2 43 31 88 49 84 78 f 19 21 24 14 88 7 29 10 43 14 55 f 1b
FIXUPS: 9476b b 21 2a fffff078 84 5e 2a 23 4f 22 b 54 2d 4c 48 1f 2b aa
FIXUPS: 93c27 34 3c 1c ce 48 66 12c 7 12 15d 82 1a 16 1a 16 1a 2803 54
FIXUPS: 96a78 54 57 7a f7 c 12 c4 c e2 3c 6e 18 ed 7b 133 ffffc449 1d 13
FIXUPS: 93657 1a c 1c 4b 11 62 3f 60 c 14 2621 21 5f 30 24 5f 48 18 2e
FIXUPS: 96023 1c 35 3d 20 d5 29 4c 3e 2a3 19 28 6d 38 46 25 63 e3 65 32
FIXUPS: 96847 13 1d 13f2 1c 23 9b 67 ffffd5cb 54 54 54 1f 1a 1d 13 1d 163
FIXUPS: 95728 aa 20 9e 18 12 24 2e 7f 18 15 167 73 9a 125 33 48 1890 11
FIXUPS: 97688 d 4b 78 7e b f f 20 b f f f 70 22 11 1b 64 39 14 11 11 1c
FIXUPS: 97a91 18 11 a9 12 bd 12 2867 20 29 76 52 17e 2ed 6c 50 c7 1d 13
FIXUPS: 9abf7 1f8 2f 16a ffffd211 fffffc51 fffff49a c6 dc 2a f9 b f f 20
FIXUPS: 9759d f f f 70 1fd5 75 55 62 193 df 7c eb 36 36 2b 36 2d 24 36
FIXUPS: 99d14 44 a0 53 b4 16 e8 60 43 59 5f dc 6e 70 125 30 2d ffffdfbb
FIXUPS: 985d1 20e 45 282 21 bb 64 a 31 7b 55 70 70 86 86 74 86 86 61 86
FIXUPS: 991b9 75 ac 1d 13 1d 4c 4b a3 51 35 2d62 f 8 7 13 1e 28 b 13 1c
FIXUPS: 9c30b b 39 b 22 5f fffff160 93 fffffad3 6c 22 f a 1a c9 8d 37 ffffcf5b
FIXUPS: 98267 13 1d 15d 39e2 b 11 9 f e 1e 1a 30 30 58 2d 1d 9 c d 15 4a
FIXUPS: 9bfd9 5c 53 35 52 32 16 1a 7 2a 1a 17 17 3a fffff633 11 28 26 c
FIXUPS: 9b8ea 40 45 2e 2d 13 14 12 8 8 6a 10 22 3f 2c 34 25 1d 2f 29 51
FIXUPS: 9bd42 1c 1a 21 26 8 1a16 6f 39 11 2f 73 c 24 19 1f 12 ffffdc68
FIXUPS: 9b637 13 1d 17 16 20 73 b 2f 14 d b e 11 23 24 11 9 12 1b 16d4
FIXUPS: 9d043 1d 1c b 13 21 23 9a 36 25 23 28 ac 86 e3 2c 15 8e 37 52 32
FIXUPS: 9d60f 32 3a 2d a 18 73 25 3f 32 ffffeed1 22 cd 18 1e 10 19 21 7
FIXUPS: 9c825 20 2e 24 11 ac a 16d a e 10 b 2f 57 18 e 11 1e 9a a ba 32
FIXUPS: 9cec7 e40 13 1d 4f a7 288 75 d7 8a 2f 1d 13 1d 4f 54 a6 1c 5f c4
FIXUPS: 9e5f4 d 6a 2c7 ffffdb15 33 1d 13 1d 20 15 bd d 39ea 20 17 172 2e
FIXUPS: a01d5 49 2d 1b 9e c9 20 f 6f 9 f b 32 b 20 5a 1e 23 b 85 e 26 f1
FIXUPS: 9dc00 72 12 66 1c1a 41 c 14 1e 38 9b 1c 52 26 68 d 57 a 6d a 67
FIXUPS: 9fca8 60 4c 33 10 41 24 51 2a 2e 16 1c 14 78 10 fffff19b 8 12 a
FIXUPS: 9f18b 29 d 1e 37 6d 25 49 36 29 26 30 1e 2e 2b b 1b 65 1f d9 d4
FIXUPS: 9f6fe 84 53 10 c6 e 3b fffff225 84 140 28 11 5d 8 ac 27 4f 17 7d
FIXUPS: 9ef41 13 1f 44 11 b e 64 e 11 b e 10 7 23 8 17 e 11 b 1e8c b 13
FIXUPS: a0fb5 e5 32 9 5f 68 117 c2 be 63 4a 5d 1c ffffd421 1d 13 1d 1a
FIXUPS: 9e9ed 21 19 12 42 c c c 2b 28 b 42a2 190 ffffd868 45 55 20 12 24
FIXUPS: a0897 1a 6b 96 c 35 2b 11 9 39 60 73 1f 1c 21 120 96 88 8b b 4b
FIXUPS: a0eca 4c 1d 13af 55 a b7 a b4 37 19 195 56 9 79 24 19 fd a6 7f
FIXUPS: a29dc e 3e 6f 42 42 39 4a 39 4a 39 4a 13 6c 3c 44c9 2d a ffffa3f1
FIXUPS: a166a 1d 13 1d b0 5e 70 291 5a 1f 62 d1 73 9 12 12 154 1b 1db 4f
FIXUPS: a20c9 33 6e 6a 55 c d 68 44d0 1d 13 1d cf a3 54 1f 2c 7b 56 7 1e
FIXUPS: a6bae d9 27 12 2a 41 19c e 15 10 1d 7 c b9 111 a 5d 2e 6d ffffe704
FIXUPS: a5918 5d 76 5a 11 18 30 1d8 120 4a 4a 90 63 2d cb e2 dd e6 27 22
FIXUPS: a63b5 35 67 7a 69 b6 1d 13 1d 6e 3e ffffe306 46 f0 15 b 8 39 9f
FIXUPS: a4c34 d ea 8 1e6 6 6b 1d 13 1d 1ba 1f c8 10e 1e 6c b6 39 c d df
FIXUPS: a572b ea 31 ffffe75b 10 57 45 6 d a8 79 7e 1e 6 6 1b 7b 81 38 40
FIXUPS: a447b 4e 38 39 a 33 a 2d a 21 78 1d 1ea 95 6b ffffea1e 74 1d 13
FIXUPS: a3437 51 49 2a 12 7d 1d 13 1d 58 2e 21 18b 22 48 10d 14 214 be
FIXUPS: a3cbd 8 51 1f b3 a 40 37 12d 4260 e 8a 5c a 7d 32 17 95 8d 22 28
FIXUPS: a854b c 1d 50 19 1f 12 ffffa9fc 1d 13 1d d1 a2 1d 13 1d a1 49 50
FIXUPS: a3364 44c2 55 4d 49 70 a 24 42 1e 73 26 37 44 8e 35 26 2a 9d 14
FIXUPS: a7cfe 2a b 3d f3 1e 86 20 d2 11 c1 58 2c 320a b6 21 e d b 39 30
FIXUPS: ab5ad ffffbd26 15 15 2d 1d 13 1d 6b 4c d 9a 23 1b 101 63 34 3e
FIXUPS: a771e 17 6a 7 23 3f 30d7 a8 1a 91 5e 5e b f f 9 7e d6 75 b6 21
FIXUPS: aadce d b 39 30 ee 9a 1a be 5e 51 b f f 9 7e d6 ffffeaf0 31 24
FIXUPS: a9ebc 4b a 6a b 16 7 25 7 a9 c 13 25 b 16 7 25 7 2f 1b b6 21 2c
FIXUPS: aa479 11 9a 46 b9 124 fffff0e3 44 b f f 9 24 4a b f f 9 7e 41 21
FIXUPS: a9a44 f 4a 36 12 71 13 34 24 f 2b 3f 40 1c 2f 45 6d ffffec77 54
FIXUPS: a8b79 ae b d 146 61 1b c0 9d 61 32 5a c 11b 1b e1 d5 1d f 79 36
FIXUPS: a942b 5d 85 57 61 a3 9 23 182 5034 108 16 7 e e 13 8b 39 33 e b
FIXUPS: aeabe 23 20 18 20 af 39 3b ffff9aee 1d 13 1d 13 1d 13 1d 60 90
FIXUPS: a8946 54 5882 30 3b 2b 15 15 58 13 d 7 8 34 12 12 14 12 12 12 b1
FIXUPS: ae4c4 4b d 1d 2d e 123 130 1e 1c 1d f e ffffedd6 af ca 35 dd f4
FIXUPS: adad3 23 1f 13d de 23 24 20 21 33 2f 60 2e 25 28 d 6d 9 32 8b 48
FIXUPS: ae0b4 59 20 2a 6b ffffe2a6 1d 1a 25 54 31 46 f 1f2 20 20 20 7a
FIXUPS: ac878 109 a a a 187 e ec 147 b1 15f 27 19 2eb 48 5d a9 1c2 22 ffffe0fa
FIXUPS: ab6d3 d 14 67 6b 1b7 3a 3a9 20 1a 1c 60 159 7f 14 3f 84 94 3e 16
FIXUPS: ac1c3 12 b b e8 1b b 49 f 7d 18 53e1 13 1d 13 1d 13 1d ffffd45a
FIXUPS: aecd1 30 30 30 43 d d7 150 57 18 16 24 28 11 e 7b 23 32 7c 90 6c
FIXUPS: ab684 17 2b 58e4 1d 13 1d 2f 19 72 5e 68 95 11 1e ea 29 3f 29d
FIXUPS: b1647 13 1d 13 1d 13 1d 13 1d 13 1d 13 1d 13 1d 13 ffffe78f 36
FIXUPS: affa8 3c 7d c1 43 f 5e 53 3e 45 6d 62 2e4 54 1c 1f4 28 90 f2 84
FIXUPS: b0b01 5a 3c 56 d2 d 4d 66 118 37 ffffebdc a a a a d a a a a a a
FIXUPS: afb25 a a a a a a a 1d 122 1d 13 1d 13 1d 13 1d e2 43 9f fffffa49
FIXUPS: af96e a a a d a a a a a a a a a a a a a a a d a a a a a a a a a
FIXUPS: afaa0 2a8d 1e 8c 1d3 5a 72 af 68 65 b4 ffffcb05 3a 15 41 82 7 11
FIXUPS: af6dc b8 107 16 45 a a a a a a a a a a 243a e7 9b 20 10 34 30 30
FIXUPS: b1ff2 34 28 28 59 11 1a f 9 1b 1f 9 11 e6 9 74 5 5 5 5 4a 1c0 1b
FIXUPS: b2510 f8c 46 d4 16 59 40 12f 23 26 16 ba 7e 1a9 43 2d 43 1a c7
FIXUPS: b3cab 52 4b 14 8b b1 6e ffffd95b 15 15b 14f 54 1f0 14 dd2 25 7b
FIXUPS: b2c07 13 1d 85 c 7a 1c f f f cb 36 22 7 12 7 4e 1d 30 d6 55 52
FIXUPS: b32b1 29 1d 13 1d 8f c be8 1d 13 1d 11d a c 2e 2f a 53 70 4e 5a
FIXUPS: b4350 32 15 d 116 d 118 1f 15 d 118 1b 6c 196 ffffe195 1d 13 1d
